Component: ARM Compiler 5.06 update 6 (build 750) Tool: armlink [4d35ed]

==============================================================================

Section Cross References

    main.o(i.adconvert_task) refers to adc.o(i.Get_Adc_Average) for Get_Adc_Average
    main.o(i.adconvert_task) refers to tasks.o(i.vTaskDelay) for vTaskDelay
    main.o(i.adconvert_task) refers to menu.o(.data) for app
    main.o(i.gui_task) refers to menu.o(i.menu_constructor_main_static) for menu_constructor_main_static
    main.o(i.gui_task) refers to tasks.o(i.ulTaskNotifyTake) for ulTaskNotifyTake
    main.o(i.gui_task) refers to guislim.o(i.GUI_Update) for GUI_Update
    main.o(i.gui_task) refers to tasks.o(i.vTaskDelay) for vTaskDelay
    main.o(i.gui_task) refers to menu.o(.data) for menu_constructors_dynamic
    main.o(i.gui_task) refers to menu.o(.bss) for menu
    main.o(i.gui_task) refers to menu.o(.data) for menu_constructors_static
    main.o(i.key_task) refers to key.o(i.Key_Scan) for Key_Scan
    main.o(i.key_task) refers to esp8266.o(i.ESP_TCP) for ESP_TCP
    main.o(i.key_task) refers to esp8266.o(i.ESP_Send_Cmd) for ESP_Send_Cmd
    main.o(i.key_task) refers to esp8266.o(i.ESP_TCP_quit) for ESP_TCP_quit
    main.o(i.key_task) refers to onenetconnet.o(i.ESP8266_QuitTrans) for ESP8266_QuitTrans
    main.o(i.key_task) refers to onenetconnet.o(i.ESP8266_init) for ESP8266_init
    main.o(i.key_task) refers to onenetconnet.o(i.OneNet_DevLink) for OneNet_DevLink
    main.o(i.key_task) refers to tasks.o(i.xTaskGenericNotify) for xTaskGenericNotify
    main.o(i.key_task) refers to tasks.o(i.vTaskDelay) for vTaskDelay
    main.o(i.key_task) refers to menu.o(.bss) for menu
    main.o(i.key_task) refers to menu.o(.data) for app
    main.o(i.key_task) refers to main.o(.data) for .data
    main.o(i.led_task) refers to led.o(i.Led_Effect) for Led_Effect
    main.o(i.led_task) refers to key.o(i.Key_Scan) for Key_Scan
    main.o(i.led_task) refers to led.o(i.Led_Set_Status) for Led_Set_Status
    main.o(i.led_task) refers to delay.o(i.delay_ms) for delay_ms
    main.o(i.led_task) refers to led.o(i.Led_Set_Luminance) for Led_Set_Luminance
    main.o(i.led_task) refers to led.o(i.Led_Switch) for Led_Switch
    main.o(i.led_task) refers to tasks.o(i.vTaskDelay) for vTaskDelay
    main.o(i.led_task) refers to menu.o(.data) for app
    main.o(i.led_task) refers to menu.o(.bss) for menu
    main.o(i.led_task) refers to usart.o(.bss) for USART_RX_BUF
    main.o(i.led_task) refers to main.o(.data) for .data
    main.o(i.main) refers to bsp.o(i.bsp_init) for bsp_init
    main.o(i.main) refers to guislim.o(i.GUI_SetFont) for GUI_SetFont
    main.o(i.main) refers to guislim.o(i.GUI_Clear) for GUI_Clear
    main.o(i.main) refers to menu.o(i.menu_init) for menu_init
    main.o(i.main) refers to key.o(i.Key_Scan) for Key_Scan
    main.o(i.main) refers to tasks.o(i.xTaskCreate) for xTaskCreate
    main.o(i.main) refers to tasks.o(i.vTaskStartScheduler) for vTaskStartScheduler
    main.o(i.main) refers to simsun_12.o(.constdata) for GUI_FontHZ_SimSun_12
    main.o(i.main) refers to main.o(.data) for .data
    main.o(i.main) refers to main.o(i.start_task) for start_task
    main.o(i.mpu6050_task) refers to mpu6050.o(i.MPU_getdata) for MPU_getdata
    main.o(i.mpu6050_task) refers to tasks.o(i.vTaskDelay) for vTaskDelay
    main.o(i.mpu6050_task) refers to menu.o(.data) for app
    main.o(i.receive_task) refers to transfer.o(i.rcvDataParse) for rcvDataParse
    main.o(i.receive_task) refers to tasks.o(i.vTaskDelay) for vTaskDelay
    main.o(i.receive_task) refers to usart.o(.bss) for USART_RX_BUF
    main.o(i.receive_task) refers to menu.o(.data) for app
    main.o(i.receive_task) refers to usart.o(.data) for USART_RX_STA
    main.o(i.start_task) refers to port.o(i.vPortEnterCritical) for vPortEnterCritical
    main.o(i.start_task) refers to tasks.o(i.xTaskCreate) for xTaskCreate
    main.o(i.start_task) refers to tasks.o(i.vTaskDelete) for vTaskDelete
    main.o(i.start_task) refers to port.o(i.vPortExitCritical) for vPortExitCritical
    main.o(i.start_task) refers to main.o(.data) for .data
    main.o(i.start_task) refers to main.o(i.mpu6050_task) for mpu6050_task
    main.o(i.start_task) refers to main.o(i.led_task) for led_task
    main.o(i.start_task) refers to main.o(i.key_task) for key_task
    main.o(i.start_task) refers to main.o(i.adconvert_task) for adconvert_task
    main.o(i.start_task) refers to main.o(i.gui_task) for gui_task
    main.o(i.start_task) refers to main.o(i.transfer_task) for transfer_task
    main.o(i.start_task) refers to main.o(i.receive_task) for receive_task
    main.o(i.transfer_task) refers to memseta.o(.text) for __aeabi_memclr4
    main.o(i.transfer_task) refers to printfa.o(i.__0sprintf) for __2sprintf
    main.o(i.transfer_task) refers to strcat.o(.text) for strcat
[...]
    0x080012b2   0x080012b2   0x00000002   PAD
    0x080012b4   0x080012b4   0x0000032c   Code   RO         5762    .text               mc_w.l(_scanf.o)
    0x080015e0   0x080015e0   0x000000a2   Code   RO         5764    .text               mf_w.l(dsqrt.o)
    0x08001682   0x08001682   0x00000002   PAD
    0x08001684   0x08001684   0x00000028   Code   RO         5768    .text               mc_w.l(ctype_c.o)
    0x080016ac   0x080016ac   0x00000056   Code   RO         5779    .text               mc_w.l(__dczerorl2.o)
    0x08001702   0x08001702   0x00000014   Code   RO          643    i.ADC_Cmd           stm32f10x_adc.o
    0x08001716   0x08001716   0x00000002   PAD
    0x08001718   0x08001718   0x00000044   Code   RO          645    i.ADC_DeInit        stm32f10x_adc.o
    0x0800175c   0x0800175c   0x0000000e   Code   RO          651    i.ADC_GetCalibrationStatus  stm32f10x_adc.o
    0x0800176a   0x0800176a   0x00000006   Code   RO          652    i.ADC_GetConversionValue  stm32f10x_adc.o
    0x08001770   0x08001770   0x0000000e   Code   RO          654    i.ADC_GetFlagStatus  stm32f10x_adc.o
    0x0800177e   0x0800177e   0x0000000e   Code   RO          657    i.ADC_GetResetCalibrationStatus  stm32f10x_adc.o
    0x0800178c   0x0800178c   0x00000048   Code   RO          661    i.ADC_Init          stm32f10x_adc.o
    0x080017d4   0x080017d4   0x00000074   Code   RO          665    i.ADC_RegularChannelConfig  stm32f10x_adc.o
    0x08001848   0x08001848   0x0000000a   Code   RO          666    i.ADC_ResetCalibration  stm32f10x_adc.o
    0x08001852   0x08001852   0x00000014   Code   RO          668    i.ADC_SoftwareStartConvCmd  stm32f10x_adc.o
    0x08001866   0x08001866   0x0000000a   Code   RO          670    i.ADC_StartCalibration  stm32f10x_adc.o
    0x08001870   0x08001870   0x000000a4   Code   RO         1964    i.Adc_Init          adc.o
    0x08001914   0x08001914   0x00000002   Code   RO          285    i.BusFault_Handler  stm32f10x_it.o
    0x08001916   0x08001916   0x00000048   Code   RO         4994    i.CheckCapacity     edpkit.o
    0x0800195e   0x0800195e   0x00000002   Code   RO          286    i.DebugMon_Handler  stm32f10x_it.o
    0x08001960   0x08001960   0x00000018   Code   RO         4995    i.DeleteBuffer      edpkit.o
    0x08001978   0x08001978   0x00000168   Code   RO         2028    i.DrawBitLine1BPP   guislim.o
    0x08001ae0   0x08001ae0   0x0000001c   Code   RO         5166    i.ESP8266_Clear     onenetconnet.o
    0x08001afc   0x08001afc   0x00000044   Code   RO         5167    i.ESP8266_EnterTrans  onenetconnet.o
    0x08001b40   0x08001b40   0x00000060   Code   RO         5168    i.ESP8266_QuitTrans  onenetconnet.o
    0x08001ba0   0x08001ba0   0x00000078   Code   RO         5169    i.ESP8266_SendCmd   onenetconnet.o
    0x08001c18   0x08001c18   0x00000040   Code   RO         5170    i.ESP8266_SendData  onenetconnet.o
    0x08001c58   0x08001c58   0x00000020   Code   RO         5171    i.ESP8266_WaitRecive  onenetconnet.o
    0x08001c78   0x08001c78   0x0000012c   Code   RO         5172    i.ESP8266_init      onenetconnet.o
    0x08001da4   0x08001da4   0x00000030   Code   RO         3770    i.ESP_At_Response   esp8266.o
    0x08001dd4   0x08001dd4   0x00000024   Code   RO         3771    i.ESP_Check_Cmd     esp8266.o
    0x08001df8   0x08001df8   0x00000078   Code   RO         3773    i.ESP_GPIO_Init     esp8266.o
    0x08001e70   0x08001e70   0x000000c0   Code   RO         3774    i.ESP_Init          esp8266.o
    0x08001f30   0x08001f30   0x0000005c   Code   RO         3775    i.ESP_Send_Cmd      esp8266.o
    0x08001f8c   0x08001f8c   0x00000130   Code   RO         3776    i.ESP_TCP           esp8266.o
    0x080020bc   0x080020bc   0x00000068   Code   RO         3777    i.ESP_TCP_quit      esp8266.o
    0x08002124   0x08002124   0x0000001c   Code   RO         2029    i.GL_DispChar       guislim.o
    0x08002140   0x08002140   0x0000001c   Code   RO         2030    i.GL_DrawBitmap     guislim.o
    0x0800215c   0x0800215c   0x000000a2   Code   RO          943    i.GPIO_Init         stm32f10x_gpio.o
    0x080021fe   0x080021fe   0x00000002   PAD
    0x08002200   0x08002200   0x00000058   Code   RO          945    i.GPIO_PinRemapConfig  stm32f10x_gpio.o
    0x08002258   0x08002258   0x0000000e   Code   RO          947    i.GPIO_ReadInputDataBit  stm32f10x_gpio.o
    0x08002266   0x08002266   0x00000004   Code   RO          950    i.GPIO_ResetBits    stm32f10x_gpio.o
    0x0800226a   0x0800226a   0x0000000a   Code   RO          954    i.GPIO_WriteBit     stm32f10x_gpio.o
    0x08002274   0x08002274   0x00000080   Code   RO         2035    i.GUIPROP_DispChar  guislim.o
    0x080022f4   0x080022f4   0x00000016   Code   RO         2036    i.GUIPROP_FindChar  guislim.o
    0x0800230a   0x0800230a   0x00000002   PAD
    0x0800230c   0x0800230c   0x0000002c   Code   RO         2037    i.GUIPROP_GetCharDistX  guislim.o
    0x08002338   0x08002338   0x00000006   Code   RO         2038    i.GUIPROP_GetFontInfo  guislim.o
    0x0800233e   0x0800233e   0x00000010   Code   RO         2039    i.GUIPROP_IsInFont  guislim.o
    0x0800234e   0x0800234e   0x0000001a   Code   RO         2040    i.GUI_Clear         guislim.o
    0x08002368   0x08002368   0x00000014   Code   RO         2041    i.GUI_ClearRect     guislim.o
    0x0800237c   0x0800237c   0x00000014   Code   RO         2045    i.GUI_DispNextLine  guislim.o
    0x08002390   0x08002390   0x000000f0   Code   RO         2046    i.GUI_DispString    guislim.o
    0x08002480   0x08002480   0x00000010   Code   RO         2047    i.GUI_DispStringAt  guislim.o
    0x08002490   0x08002490   0x00000030   Code   RO         2048    i.GUI_DispStringHCenterAt  guislim.o
    0x080024c0   0x080024c0   0x00000004   Code   RO         2052    i.GUI_DrawBitmap    guislim.o
    0x080024c4   0x080024c4   0x0000001c   Code   RO         2056    i.GUI_DrawLine      guislim.o
    0x080024e0   0x080024e0   0x00000004   Code   RO         2057    i.GUI_DrawPixel     guislim.o
    0x080024e4   0x080024e4   0x00000022   Code   RO         2063    i.GUI_FillRect      guislim.o
    0x08002506   0x08002506   0x00000002   PAD
    0x08002508   0x08002508   0x0000000c   Code   RO         2064    i.GUI_GetCharDistX  guislim.o
    0x08002514   0x08002514   0x0000000c   Code   RO         2070    i.GUI_GetFontDistY  guislim.o
    0x08002520   0x08002520   0x00000004   Code   RO         2076    i.GUI_GetXSize      guislim.o
    0x08002524   0x08002524   0x0000002c   Code   RO         2077    i.GUI_GetYAdjust    guislim.o
    0x08002550   0x08002550   0x00000004   Code   RO         2079    i.GUI_GetYSize      guislim.o
    0x08002554   0x08002554   0x00000014   Code   RO         2082    i.GUI_GotoXY        guislim.o
    0x08002568   0x08002568   0x0000003c   Code   RO         2084    i.GUI_Init          guislim.o
    0x080025a4   0x080025a4   0x00000010   Code   RO         2087    i.GUI_SetFont       guislim.o
    0x080025b4   0x080025b4   0x00000010   Code   RO         2088    i.GUI_SetTextAlign  guislim.o
    0x080025c4   0x080025c4   0x0000000c   Code   RO         2093    i.GUI_UC__NumChars2NumBytes  guislim.o
    0x080025d0   0x080025d0   0x00000004   Code   RO         2094    i.GUI_Update        guislim.o
    0x080025d4   0x080025d4   0x00000034   Code   RO         2095    i.GUI__DispLine     guislim.o
    0x08002608   0x08002608   0x00000032   Code   RO         2097    i.GUI__GetLineDistX  guislim.o
    0x0800263a   0x0800263a   0x00000022   Code   RO         2098    i.GUI__GetLineNumChars  guislim.o
    0x0800265c   0x0800265c   0x00000034   Code   RO         1965    i.Get_Adc           adc.o
    0x08002690   0x08002690   0x0000002e   Code   RO         1966    i.Get_Adc_Average   adc.o
    0x080026be   0x080026be   0x00000002   Code   RO          287    i.HardFault_Handler  stm32f10x_it.o
    0x080026c0   0x080026c0   0x00000058   Code   RO         3612    i.I2C_SendByte      stm32_i2c.o
    0x08002718   0x08002718   0x0000005c   Code   RO         3613    i.I2C_Start         stm32_i2c.o
    0x08002774   0x08002774   0x00000044   Code   RO         3614    i.I2C_Stop          stm32_i2c.o
    0x080027b8   0x080027b8   0x00000058   Code   RO         3615    i.I2C_WaitAck       stm32_i2c.o
    0x08002810   0x08002810   0x0000000e   Code   RO         3616    i.I2C_delay         stm32_i2c.o
    0x0800281e   0x0800281e   0x00000002   PAD
    0x08002820   0x08002820   0x0000002c   Code   RO         3685    i.Key_GPIO_Init     key.o
    0x0800284c   0x0800284c   0x000000b8   Code   RO         3686    i.Key_Scan          key.o
    0x08002904   0x08002904   0x00000088   Code   RO         2102    i.LCD_DrawBitmap1BPP  guislim.o
    0x0800298c   0x0800298c   0x00000044   Code   RO         2103    i.LCD_DrawHLine     guislim.o
    0x080029d0   0x080029d0   0x00000034   Code   RO         2104    i.LCD_DrawPixel     guislim.o
    0x08002a04   0x08002a04   0x00000034   Code   RO         2109    i.LCD_L0_DrawBitmap1BPP  guislim.o
    0x08002a38   0x08002a38   0x0000002e   Code   RO         3703    i.Led_Effect        led.o
    0x08002a66   0x08002a66   0x00000002   PAD
    0x08002a68   0x08002a68   0x00000048   Code   RO         3704    i.Led_Effect_Type_1  led.o
    0x08002ab0   0x08002ab0   0x00000048   Code   RO         3705    i.Led_Effect_Type_2  led.o
    0x08002af8   0x08002af8   0x00000016   Code   RO         3706    i.Led_Effect_Type_3  led.o
    0x08002b0e   0x08002b0e   0x00000002   PAD
    0x08002b10   0x08002b10   0x0000003c   Code   RO         3707    i.Led_PWM_GPIO_Init  led.o
    0x08002b4c   0x08002b4c   0x00000048   Code   RO         3708    i.Led_Set_Luminance  led.o
    0x08002b94   0x08002b94   0x0000005c   Code   RO         3709    i.Led_Set_Status    led.o
    0x08002bf0   0x08002bf0   0x00000058   Code   RO         3711    i.Led_Startup_2     led.o
    0x08002c48   0x08002c48   0x0000002a   Code   RO         3712    i.Led_Switch        led.o
    0x08002c72   0x08002c72   0x00000002   PAD
    0x08002c74   0x08002c74   0x0000002c   Code   RO         3617    i.MPU6050_IIC_GPIO_Init  stm32_i2c.o
    0x08002ca0   0x08002ca0   0x000001e8   Code   RO         3573    i.MPU_getdata       mpu6050.o
    0x08002e88   0x08002e88   0x0000039c   Code   RO         3574    i.MPU_init          mpu6050.o
    0x08003224   0x08003224   0x00000002   Code   RO          288    i.MemManage_Handler  stm32f10x_it.o
    0x08003226   0x08003226   0x00000002   Code   RO          289    i.NMI_Handler       stm32f10x_it.o
    0x08003228   0x08003228   0x00000064   Code   RO          601    i.NVIC_Init         misc.o
    0x0800328c   0x0800328c   0x00000014   Code   RO          602    i.NVIC_PriorityGroupConfig  misc.o
    0x080032a0   0x080032a0   0x00000022   Code   RO         4997    i.NewBuffer         edpkit.o
    0x080032c2   0x080032c2   0x00000002   PAD
    0x080032c4   0x080032c4   0x0000002c   Code   RO         3054    i.OLED_IIC_GPIO_Init  ssd1306_i2c.o
    0x080032f0   0x080032f0   0x00000060   Code   RO         3055    i.OLED_IIC_SendByte  ssd1306_i2c.o
    0x08003350   0x08003350   0x00000038   Code   RO         3056    i.OLED_IIC_Start    ssd1306_i2c.o
    0x08003388   0x08003388   0x0000003c   Code   RO         3057    i.OLED_IIC_Stop     ssd1306_i2c.o
    0x080033c4   0x080033c4   0x00000064   Code   RO         5173    i.OneNet_DevLink    onenetconnet.o
    0x08003428   0x08003428   0x00000068   Code   RO         5175    i.OneNet_FillBuf    onenetconnet.o
    0x08003490   0x08003490   0x0000002c   Code   RO         5176    i.OneNet_SendData   onenetconnet.o
    0x080034bc   0x080034bc   0x00000068   Code   RO         4999    i.PacketConnect1    edpkit.o
    0x08003524   0x08003524   0x00000068   Code   RO         5004    i.PacketSavedataSimpleString  edpkit.o
    0x0800358c   0x0800358c   0x00000014   Code   RO         1051    i.RCC_ADCCLKConfig  stm32f10x_rcc.o
    0x080035a0   0x080035a0   0x00000018   Code   RO         1053    i.RCC_APB1PeriphClockCmd  stm32f10x_rcc.o
    0x080035b8   0x080035b8   0x00000018   Code   RO         1054    i.RCC_APB1PeriphResetCmd  stm32f10x_rcc.o
    0x080035d0   0x080035d0   0x00000018   Code   RO         1055    i.RCC_APB2PeriphClockCmd  stm32f10x_rcc.o
    0x080035e8   0x080035e8   0x00000018   Code   RO         1056    i.RCC_APB2PeriphResetCmd  stm32f10x_rcc.o
    0x08003600   0x08003600   0x00000090   Code   RO         1063    i.RCC_GetClocksFreq  stm32f10x_rcc.o
    0x08003690   0x08003690   0x00000056   Code   RO         2943    i.SSD1306_DrawFilledRectangle  ssd1306.o
    0x080036e6   0x080036e6   0x0000010a   Code   RO         2945    i.SSD1306_DrawLine  ssd1306.o
    0x080037f0   0x080037f0   0x00000040   Code   RO         2946    i.SSD1306_DrawPixel  ssd1306.o
    0x08003830   0x08003830   0x00000018   Code   RO         2949    i.SSD1306_Fill      ssd1306.o
    0x08003848   0x08003848   0x00000040   Code   RO         2954    i.SSD1306_UpdateScreen  ssd1306.o
    0x08003888   0x08003888   0x00000024   Code   RO         2955    i.SSD1306_WriteByte  ssd1306.o
    0x080038ac   0x080038ac   0x00000032   Code   RO         2956    i.SSD1306_WriteMuliByte  ssd1306.o
    0x080038de   0x080038de   0x00000002   PAD
    0x080038e0   0x080038e0   0x00000100   Code   RO         2957    i.SSD1306_init      ssd1306.o
    0x080039e0   0x080039e0   0x000000a8   Code   RO          356    i.SetSysClockTo72   system_stm32f10x.o
    0x08003a88   0x08003a88   0x00000018   Code   RO          605    i.SysTick_CLKSourceConfig  misc.o
    0x08003aa0   0x08003aa0   0x00000014   Code   RO         3835    i.SysTick_Handler   delay.o
    0x08003ab4   0x08003ab4   0x00000050   Code   RO          358    i.SystemInit        system_stm32f10x.o
    0x08003b04   0x08003b04   0x00000058   Code   RO         1988    i.TIM2_IRQHandler   timer.o
    0x08003b5c   0x08003b5c   0x0000005c   Code   RO         1989    i.TIM2_Int_Init     timer.o
    0x08003bb8   0x08003bb8   0x000000a8   Code   RO         1990    i.TIM3_PWM_Init     timer.o
    0x08003c60   0x08003c60   0x00000048   Code   RO         3910    i.TIM4_IRQHandler   usart.o
    0x08003ca8   0x08003ca8   0x00000058   Code   RO         3911    i.TIM4_Init         usart.o
    0x08003d00   0x08003d00   0x00000020   Code   RO         3912    i.TIM4_Set          usart.o
    0x08003d20   0x08003d20   0x00000006   Code   RO         1260    i.TIM_ClearITPendingBit  stm32f10x_tim.o
    0x08003d26   0x08003d26   0x00000014   Code   RO         1265    i.TIM_Cmd           stm32f10x_tim.o
    0x08003d3a   0x08003d3a   0x00000016   Code   RO         1267    i.TIM_CtrlPWMOutputs  stm32f10x_tim.o
    0x08003d50   0x08003d50   0x00000170   Code   RO         1270    i.TIM_DeInit        stm32f10x_tim.o
    0x08003ec0   0x08003ec0   0x00000018   Code   RO         1286    i.TIM_GetITStatus   stm32f10x_tim.o
    0x08003ed8   0x08003ed8   0x00000010   Code   RO         1290    i.TIM_ITConfig      stm32f10x_tim.o
    0x08003ee8   0x08003ee8   0x00000080   Code   RO         1294    i.TIM_OC1Init       stm32f10x_tim.o
    0x08003f68   0x08003f68   0x0000000c   Code   RO         1297    i.TIM_OC1PreloadConfig  stm32f10x_tim.o
    0x08003f74   0x08003f74   0x00000080   Code   RO         1299    i.TIM_OC2Init       stm32f10x_tim.o
    0x08003ff4   0x08003ff4   0x00000014   Code   RO         1302    i.TIM_OC2PreloadConfig  stm32f10x_tim.o
    0x08004008   0x08004008   0x0000007c   Code   RO         1304    i.TIM_OC3Init       stm32f10x_tim.o
    0x08004084   0x08004084   0x0000000c   Code   RO         1307    i.TIM_OC3PreloadConfig  stm32f10x_tim.o
    0x08004090   0x08004090   0x00000064   Code   RO         1309    i.TIM_OC4Init       stm32f10x_tim.o
    0x080040f4   0x080040f4   0x00000014   Code   RO         1311    i.TIM_OC4PreloadConfig  stm32f10x_tim.o
    0x08004108   0x08004108   0x00000004   Code   RO         1326    i.TIM_SetCompare1   stm32f10x_tim.o
    0x0800410c   0x0800410c   0x00000004   Code   RO         1327    i.TIM_SetCompare2   stm32f10x_tim.o
    0x08004110   0x08004110   0x00000004   Code   RO         1328    i.TIM_SetCompare3   stm32f10x_tim.o
    0x08004114   0x08004114   0x00000006   Code   RO         1329    i.TIM_SetCompare4   stm32f10x_tim.o
    0x0800411a   0x0800411a   0x00000004   Code   RO         1330    i.TIM_SetCounter    stm32f10x_tim.o
    0x0800411e   0x0800411e   0x00000002   PAD
    0x08004120   0x08004120   0x0000009c   Code   RO         1336    i.TIM_TimeBaseInit  stm32f10x_tim.o
    0x080041bc   0x080041bc   0x00000068   Code   RO         3913    i.USART1_IRQHandler  usart.o
    0x08004224   0x08004224   0x00000064   Code   RO         3915    i.USART2_IRQHandler  usart.o
    0x08004288   0x08004288   0x00000040   Code   RO         3918    i.USART2_SendString  usart.o
    0x080042c8   0x080042c8   0x00000014   Code   RO         1788    i.USART_Cmd         stm32f10x_usart.o
    0x080042dc   0x080042dc   0x00000074   Code   RO         1790    i.USART_DeInit      stm32f10x_usart.o
    0x08004350   0x08004350   0x0000003e   Code   RO         1792    i.USART_GetITStatus  stm32f10x_usart.o
    0x0800438e   0x0800438e   0x00000030   Code   RO         1794    i.USART_ITConfig    stm32f10x_usart.o
    0x080043be   0x080043be   0x00000002   PAD
    0x080043c0   0x080043c0   0x000000ac   Code   RO         1795    i.USART_Init        stm32f10x_usart.o
    0x0800446c   0x0800446c   0x00000008   Code   RO         1802    i.USART_ReceiveData  stm32f10x_usart.o
    0x08004474   0x08004474   0x00000008   Code   RO         1805    i.USART_SendData    stm32f10x_usart.o
    0x0800447c   0x0800447c   0x00000002   Code   RO          290    i.UsageFault_Handler  stm32f10x_it.o
    0x0800447e   0x0800447e   0x00000024   Code   RO         5013    i.WriteByte         edpkit.o
    0x080044a2   0x080044a2   0x0000002e   Code   RO         5014    i.WriteBytes        edpkit.o
    0x080044d0   0x080044d0   0x0000002e   Code   RO         5015    i.WriteRemainlen    edpkit.o
    0x080044fe   0x080044fe   0x0000002a   Code   RO         5016    i.WriteStr          edpkit.o
    0x08004528   0x08004528   0x0000001e   Code   RO         5017    i.WriteUint16       edpkit.o
    0x08004546   0x08004546   0x00000002   PAD
    0x08004548   0x08004548   0x0000000c   Code   RO         2111    i._GotoX            guislim.o
    0x08004554   0x08004554   0x0000000c   Code   RO         2112    i._GotoY            guislim.o
    0x08004560   0x08004560   0x00000020   Code   RO         5555    i.__0printf         mc_w.l(printfa.o)
    0x08004580   0x08004580   0x00000028   Code   RO         5557    i.__0sprintf        mc_w.l(printfa.o)
    0x080045a8   0x080045a8   0x00000028   Code   RO         5684    i.__ARM_fpclassify  m_ws.l(fpclassify.o)
    0x080045d0   0x080045d0   0x00000388   Code   RO         5689    i.__ieee754_rem_pio2  m_ws.l(rred.o)
    0x08004958   0x08004958   0x000000fc   Code   RO         5667    i.__kernel_cos      m_ws.l(cos_i.o)
    0x08004a54   0x08004a54   0x000000aa   Code   RO         5686    i.__kernel_poly     m_ws.l(poly.o)
    0x08004afe   0x08004afe   0x00000002   PAD
    0x08004b00   0x08004b00   0x000000ec   Code   RO         5694    i.__kernel_sin      m_ws.l(sin_i.o)
    0x08004bec   0x08004bec   0x00000006   Code   RO         5671    i.__mathlib_dbl_infnan  m_ws.l(dunder.o)
    0x08004bf2   0x08004bf2   0x00000004   Code   RO         5672    i.__mathlib_dbl_infnan2  m_ws.l(dunder.o)
    0x08004bf6   0x08004bf6   0x0000000c   Code   RO         5673    i.__mathlib_dbl_invalid  m_ws.l(dunder.o)
    0x08004c02   0x08004c02   0x00000002   PAD
    0x08004c04   0x08004c04   0x00000010   Code   RO         5676    i.__mathlib_dbl_underflow  m_ws.l(dunder.o)
    0x08004c14   0x08004c14   0x0000000e   Code   RO         5773    i.__scatterload_copy  mc_w.l(handlers.o)
    0x08004c22   0x08004c22   0x00000002   Code   RO         5774    i.__scatterload_null  mc_w.l(handlers.o)
    0x08004c24   0x08004c24   0x0000000e   Code   RO         5775    i.__scatterload_zeroinit  mc_w.l(handlers.o)
    0x08004c32   0x08004c32   0x00000002   PAD
    0x08004c34   0x08004c34   0x0000000c   Code   RO         5736    i.__set_errno       mc_w.l(errno.o)
    0x08004c40   0x08004c40   0x00000184   Code   RO         5562    i._fp_digits        mc_w.l(printfa.o)
    0x08004dc4   0x08004dc4   0x0000000e   Code   RO         5619    i._is_digit         mc_w.l(scanf_fp.o)
    0x08004dd2   0x08004dd2   0x00000002   PAD
    0x08004dd4   0x08004dd4   0x000006dc   Code   RO         5563    i._printf_core      mc_w.l(printfa.o)
    0x080054b0   0x080054b0   0x00000024   Code   RO         5564    i._printf_post_padding  mc_w.l(printfa.o)
    0x080054d4   0x080054d4   0x0000002e   Code   RO         5565    i._printf_pre_padding  mc_w.l(printfa.o)
    0x08005502   0x08005502   0x0000000a   Code   RO         5567    i._sputc            mc_w.l(printfa.o)
    0x0800550c   0x0800550c   0x00000080   Code   RO         3091    i.accel_self_test   inv_mpu.o
    0x0800558c   0x0800558c   0x00000020   Code   RO            1    i.adconvert_task    main.o
    0x080055ac   0x080055ac   0x00000270   Code   RO         5266    i.asin              m_ws.l(asin.o)
    0x0800581c   0x0800581c   0x00000220   Code   RO         5658    i.atan              m_ws.l(atan.o)
    0x08005a3c   0x08005a3c   0x00000180   Code   RO         5276    i.atan2             m_ws.l(atan2.o)
    0x08005bbc   0x08005bbc   0x00000054   Code   RO         2015    i.bsp_init          bsp.o
    0x08005c10   0x08005c10   0x0000009c   Code   RO         5284    i.cos               m_ws.l(cos.o)
    0x08005cac   0x08005cac   0x00000048   Code   RO         3836    i.delay_init        delay.o
    0x08005cf4   0x08005cf4   0x00000038   Code   RO         3837    i.delay_ms          delay.o
    0x08005d2c   0x08005d2c   0x00000034   Code   RO         3838    i.delay_us          delay.o
    0x08005d60   0x08005d60   0x0000003a   Code   RO         3396    i.dmp_enable_6x_lp_quat  inv_mpu_dmp_motion_driver.o
    0x08005d9a   0x08005d9a   0x00000002   PAD
    0x08005d9c   0x08005d9c   0x000001d8   Code   RO         3397    i.dmp_enable_feature  inv_mpu_dmp_motion_driver.o
    0x08005f74   0x08005f74   0x0000003c   Code   RO         3398    i.dmp_enable_gyro_cal  inv_mpu_dmp_motion_driver.o
    0x08005fb0   0x08005fb0   0x0000003a   Code   RO         3399    i.dmp_enable_lp_quat  inv_mpu_dmp_motion_driver.o
    0x08005fea   0x08005fea   0x00000002   PAD
    0x08005fec   0x08005fec   0x00000014   Code   RO         3404    i.dmp_load_motion_driver_firmware  inv_mpu_dmp_motion_driver.o
    0x08006000   0x08006000   0x00000140   Code   RO         3405    i.dmp_read_fifo     inv_mpu_dmp_motion_driver.o
    0x08006140   0x08006140   0x000000d8   Code   RO         3408    i.dmp_set_accel_bias  inv_mpu_dmp_motion_driver.o
    0x08006218   0x08006218   0x00000064   Code   RO         3409    i.dmp_set_fifo_rate  inv_mpu_dmp_motion_driver.o
    0x0800627c   0x0800627c   0x000000cc   Code   RO         3410    i.dmp_set_gyro_bias  inv_mpu_dmp_motion_driver.o
    0x08006348   0x08006348   0x0000010c   Code   RO         3412    i.dmp_set_orientation  inv_mpu_dmp_motion_driver.o
    0x08006454   0x08006454   0x00000030   Code   RO         3415    i.dmp_set_shake_reject_thresh  inv_mpu_dmp_motion_driver.o
    0x08006484   0x08006484   0x00000020   Code   RO         3416    i.dmp_set_shake_reject_time  inv_mpu_dmp_motion_driver.o
    0x080064a4   0x080064a4   0x00000020   Code   RO         3417    i.dmp_set_shake_reject_timeout  inv_mpu_dmp_motion_driver.o
    0x080064c4   0x080064c4   0x00000040   Code   RO         3418    i.dmp_set_tap_axes  inv_mpu_dmp_motion_driver.o
    0x08006504   0x08006504   0x00000022   Code   RO         3419    i.dmp_set_tap_count  inv_mpu_dmp_motion_driver.o
    0x08006526   0x08006526   0x00000002   PAD
    0x08006528   0x08006528   0x00000128   Code   RO         3420    i.dmp_set_tap_thresh  inv_mpu_dmp_motion_driver.o
    0x08006650   0x08006650   0x00000020   Code   RO         3421    i.dmp_set_tap_time  inv_mpu_dmp_motion_driver.o
    0x08006670   0x08006670   0x00000020   Code   RO         3422    i.dmp_set_tap_time_multi  inv_mpu_dmp_motion_driver.o
    0x08006690   0x08006690   0x00000018   Code   RO         3920    i.fputc             usart.o
    0x080066a8   0x080066a8   0x00000050   Code   RO         5583    i.free              mc_w.l(malloc.o)
    0x080066f8   0x080066f8   0x000000ac   Code   RO         3092    i.get_accel_prod_shift  inv_mpu.o
    0x080067a4   0x080067a4   0x00000314   Code   RO         3094    i.get_st_biases     inv_mpu.o
    0x08006ab8   0x08006ab8   0x0000005c   Code   RO            2    i.gui_task          main.o
    0x08006b14   0x08006b14   0x000000d4   Code   RO         3095    i.gyro_self_test    inv_mpu.o
    0x08006be8   0x08006be8   0x00000104   Code   RO         3619    i.i2cRead           stm32_i2c.o
    0x08006cec   0x08006cec   0x00000054   Code   RO         3621    i.i2cWriteBuffer    stm32_i2c.o
    0x08006d40   0x08006d40   0x00000012   Code   RO         3622    i.i2cread           stm32_i2c.o
    0x08006d52   0x08006d52   0x00000012   Code   RO         3623    i.i2cwrite          stm32_i2c.o
    0x08006d64   0x08006d64   0x00000048   Code   RO         3575    i.inv_row_2_scale   mpu6050.o
    0x08006dac   0x08006dac   0x00000208   Code   RO            3    i.key_task          main.o
    0x08006fb4   0x08006fb4   0x000002d4   Code   RO            4    i.led_task          main.o
    0x08007288   0x08007288   0x00000050   Code   RO            5    i.main              main.o
    0x080072d8   0x080072d8   0x0000006c   Code   RO         5584    i.malloc            mc_w.l(malloc.o)
    0x08007344   0x08007344   0x0000017c   Code   RO          385    i.menu_constructor_dual_dynamic  menu.o
    0x080074c0   0x080074c0   0x00000064   Code   RO          386    i.menu_constructor_dual_static  menu.o
    0x08007524   0x08007524   0x000000d8   Code   RO          387    i.menu_constructor_functions_1_dynamic  menu.o
    0x080075fc   0x080075fc   0x0000005c   Code   RO          388    i.menu_constructor_functions_1_static  menu.o
    0x08007658   0x08007658   0x000000b8   Code   RO          389    i.menu_constructor_functions_2_dynamic  menu.o
    0x08007710   0x08007710   0x00000058   Code   RO          390    i.menu_constructor_functions_2_static  menu.o
    0x08007768   0x08007768   0x00000168   Code   RO          391    i.menu_constructor_functions_3_dynamic  menu.o
    0x080078d0   0x080078d0   0x00000064   Code   RO          392    i.menu_constructor_functions_3_static  menu.o
    0x08007934   0x08007934   0x00000168   Code   RO          393    i.menu_constructor_functions_4_dynamic  menu.o
    0x08007a9c   0x08007a9c   0x00000064   Code   RO          394    i.menu_constructor_functions_4_static  menu.o
    0x08007b00   0x08007b00   0x00000264   Code   RO          395    i.menu_constructor_gesture_1_dynamic  menu.o
    0x08007d64   0x08007d64   0x00000030   Code   RO          396    i.menu_constructor_gesture_1_static  menu.o
    0x08007d94   0x08007d94   0x000000cc   Code   RO          397    i.menu_constructor_gesture_dynamic  menu.o
    0x08007e60   0x08007e60   0x00000064   Code   RO          398    i.menu_constructor_gesture_static  menu.o
    0x08007ec4   0x08007ec4   0x000000f0   Code   RO          399    i.menu_constructor_main_static  menu.o
    0x08007fb4   0x08007fb4   0x0000009c   Code   RO          400    i.menu_constructor_remote_1_dynamic  menu.o
    0x08008050   0x08008050   0x0000005c   Code   RO          401    i.menu_constructor_remote_1_static  menu.o
    0x080080ac   0x080080ac   0x000000b8   Code   RO          402    i.menu_constructor_remote_2_dynamic  menu.o
    0x08008164   0x08008164   0x00000064   Code   RO          403    i.menu_constructor_remote_2_static  menu.o
    0x080081c8   0x080081c8   0x000000a8   Code   RO          404    i.menu_constructor_transfer_1_dynamic  menu.o
    0x08008270   0x08008270   0x00000070   Code   RO          405    i.menu_constructor_transfer_1_static  menu.o
    0x080082e0   0x080082e0   0x0000003c   Code   RO          406    i.menu_constructor_transfer_2_dynamic  menu.o
    0x0800831c   0x0800831c   0x00000070   Code   RO          407    i.menu_constructor_transfer_2_static  menu.o
    0x0800838c   0x0800838c   0x000000c4   Code   RO          408    i.menu_init         menu.o
    0x08008450   0x08008450   0x00000018   Code   RO            6    i.mpu6050_task      main.o
    0x08008468   0x08008468   0x00000054   Code   RO         3096    i.mpu_configure_fifo  inv_mpu.o
    0x080084bc   0x080084bc   0x0000003c   Code   RO         3097    i.mpu_get_accel_fsr  inv_mpu.o
    0x080084f8   0x080084f8   0x00000044   Code   RO         3099    i.mpu_get_accel_sens  inv_mpu.o
    0x0800853c   0x0800853c   0x00000034   Code   RO         3105    i.mpu_get_gyro_fsr  inv_mpu.o
    0x08008570   0x08008570   0x00000040   Code   RO         3107    i.mpu_get_gyro_sens  inv_mpu.o
    0x080085b0   0x080085b0   0x00000038   Code   RO         3109    i.mpu_get_lpf       inv_mpu.o
    0x080085e8   0x080085e8   0x0000001c   Code   RO         3111    i.mpu_get_sample_rate  inv_mpu.o
    0x08008604   0x08008604   0x000001e8   Code   RO         3114    i.mpu_init          inv_mpu.o
    0x080087ec   0x080087ec   0x000000a0   Code   RO         3115    i.mpu_load_firmware  inv_mpu.o
    0x0800888c   0x0800888c   0x000000b8   Code   RO         3116    i.mpu_lp_accel_mode  inv_mpu.o
    0x08008944   0x08008944   0x00000090   Code   RO         3119    i.mpu_read_fifo_stream  inv_mpu.o
    0x080089d4   0x080089d4   0x00000054   Code   RO         3120    i.mpu_read_mem      inv_mpu.o
    0x08008a28   0x08008a28   0x00000160   Code   RO         3123    i.mpu_reset_fifo    inv_mpu.o
    0x08008b88   0x08008b88   0x000000f0   Code   RO         3124    i.mpu_run_self_test  inv_mpu.o
    0x08008c78   0x08008c78   0x00000068   Code   RO         3126    i.mpu_set_accel_fsr  inv_mpu.o
    0x08008ce0   0x08008ce0   0x000000dc   Code   RO         3127    i.mpu_set_bypass    inv_mpu.o
    0x08008dbc   0x08008dbc   0x00000078   Code   RO         3129    i.mpu_set_dmp_state  inv_mpu.o
    0x08008e34   0x08008e34   0x0000006c   Code   RO         3130    i.mpu_set_gyro_fsr  inv_mpu.o
    0x08008ea0   0x08008ea0   0x00000064   Code   RO         3131    i.mpu_set_int_latched  inv_mpu.o
    0x08008f04   0x08008f04   0x0000006c   Code   RO         3133    i.mpu_set_lpf       inv_mpu.o
    0x08008f70   0x08008f70   0x00000080   Code   RO         3134    i.mpu_set_sample_rate  inv_mpu.o
    0x08008ff0   0x08008ff0   0x000000b8   Code   RO         3135    i.mpu_set_sensors   inv_mpu.o
    0x080090a8   0x080090a8   0x00000054   Code   RO         3136    i.mpu_write_mem     inv_mpu.o
    0x080090fc   0x080090fc   0x00000070   Code   RO         4392    i.prvAddCurrentTaskToDelayedList  tasks.o
    0x0800916c   0x0800916c   0x000000d0   Code   RO         4393    i.prvAddNewTaskToReadyList  tasks.o
    0x0800923c   0x0800923c   0x00000050   Code   RO         4748    i.prvCheckForValidListAndQueue  timers.o
    0x0800928c   0x0800928c   0x00000050   Code   RO         4394    i.prvCheckTasksWaitingTermination  tasks.o
    0x080092dc   0x080092dc   0x00000026   Code   RO         4177    i.prvCopyDataFromQueue  queue.o
    0x08009302   0x08009302   0x0000006c   Code   RO         4178    i.prvCopyDataToQueue  queue.o
    0x0800936e   0x0800936e   0x00000014   Code   RO         4395    i.prvDeleteTCB      tasks.o
    0x08009382   0x08009382   0x00000002   PAD
    0x08009384   0x08009384   0x0000004c   Code   RO         4868    i.prvHeapInit       heap_4.o
    0x080093d0   0x080093d0   0x00000028   Code   RO         4396    i.prvIdleTask       tasks.o
    0x080093f8   0x080093f8   0x000000c0   Code   RO         4397    i.prvInitialiseNewTask  tasks.o
    0x080094b8   0x080094b8   0x0000004c   Code   RO         4869    i.prvInsertBlockIntoFreeList  heap_4.o
    0x08009504   0x08009504   0x00000038   Code   RO         4749    i.prvInsertTimerInActiveList  timers.o
    0x0800953c   0x0800953c   0x0000001c   Code   RO         4179    i.prvIsQueueEmpty   queue.o
    0x08009558   0x08009558   0x00000090   Code   RO         4180    i.prvNotifyQueueSetContainer  queue.o
    0x080095e8   0x080095e8   0x00000060   Code   RO         4750    i.prvProcessExpiredTimer  timers.o
    0x08009648   0x08009648   0x000000f0   Code   RO         4751    i.prvProcessReceivedCommands  timers.o
    0x08009738   0x08009738   0x0000006c   Code   RO         4752    i.prvProcessTimerOrBlockTask  timers.o
    0x080097a4   0x080097a4   0x00000020   Code   RO         4399    i.prvResetNextTaskUnblockTime  tasks.o
    0x080097c4   0x080097c4   0x00000028   Code   RO         4753    i.prvSampleTimeNow  timers.o
    0x080097ec   0x080097ec   0x0000006c   Code   RO         4754    i.prvSwitchTimerLists  timers.o
    0x08009858   0x08009858   0x00000064   Code   RO         4918    i.prvTaskExitError  port.o
    0x080098bc   0x080098bc   0x00000024   Code   RO         4755    i.prvTimerTask      timers.o
    0x080098e0   0x080098e0   0x00000078   Code   RO         4181    i.prvUnlockQueue    queue.o
    0x08009958   0x08009958   0x0000011c   Code   RO         4870    i.pvPortMalloc      heap_4.o
    0x08009a74   0x08009a74   0x00000018   Code   RO         4401    i.pvTaskIncrementMutexHeldCount  tasks.o
    0x08009a8c   0x08009a8c   0x00000024   Code   RO         4919    i.pxPortInitialiseStack  port.o
    0x08009ab0   0x08009ab0   0x00000378   Code   RO          528    i.rcvDataParse      transfer.o
    0x08009e28   0x08009e28   0x00000054   Code   RO            7    i.receive_task      main.o
    0x08009e7c   0x08009e7c   0x000000d0   Code   RO         3576    i.run_self_test     mpu6050.o
    0x08009f4c   0x08009f4c   0x00000058   Code   RO         3137    i.set_int_enable    inv_mpu.o
    0x08009fa4   0x08009fa4   0x000000a0   Code   RO         5292    i.sin               m_ws.l(sin.o)
    0x0800a044   0x0800a044   0x0000004c   Code   RO         5701    i.sqrt              m_ws.l(sqrt.o)
    0x0800a090   0x0800a090   0x00000134   Code   RO            8    i.start_task        main.o
    0x0800a1c4   0x0800a1c4   0x00000564   Code   RO            9    i.transfer_task     main.o
    0x0800a728   0x0800a728   0x000000c0   Code   RO         3921    i.uart2_init        usart.o
    0x0800a7e8   0x0800a7e8   0x000000a4   Code   RO         3922    i.uart_init         usart.o
    0x0800a88c   0x0800a88c   0x00000068   Code   RO         4402    i.ulTaskNotifyTake  tasks.o
    0x0800a8f4   0x0800a8f4   0x0000001e   Code   RO         3923    i.usartx_puchar     usart.o
    0x0800a912   0x0800a912   0x0000001c   Code   RO         3924    i.usartx_send       usart.o
    0x0800a92e   0x0800a92e   0x00000024   Code   RO         4140    i.uxListRemove      list.o
    0x0800a952   0x0800a952   0x00000002   PAD
    0x0800a954   0x0800a954   0x00000018   Code   RO         4409    i.vApplicationMallocFailedHook  tasks.o
    0x0800a96c   0x0800a96c   0x00000020   Code   RO         4410    i.vApplicationStackOverflowHook  tasks.o
    0x0800a98c   0x0800a98c   0x00000016   Code   RO         4141    i.vListInitialise   list.o
    0x0800a9a2   0x0800a9a2   0x00000006   Code   RO         4142    i.vListInitialiseItem  list.o
    0x0800a9a8   0x0800a9a8   0x00000030   Code   RO         4143    i.vListInsert       list.o
    0x0800a9d8   0x0800a9d8   0x00000018   Code   RO         4144    i.vListInsertEnd    list.o
    0x0800a9f0   0x0800a9f0   0x00000078   Code   RO         4921    i.vPortEnterCritical  port.o
    0x0800aa68   0x0800aa68   0x00000064   Code   RO         4922    i.vPortExitCritical  port.o
    0x0800aacc   0x0800aacc   0x0000009c   Code   RO         4871    i.vPortFree         heap_4.o
    0x0800ab68   0x0800ab68   0x00000020   Code   RO         4923    i.vPortSetupTimerInterrupt  port.o
    0x0800ab88   0x0800ab88   0x0000008c   Code   RO         4924    i.vPortValidateInterruptPriority  port.o
    0x0800ac14   0x0800ac14   0x00000028   Code   RO         4187    i.vQueueAddToRegistry  queue.o
    0x0800ac3c   0x0800ac3c   0x00000044   Code   RO         4191    i.vQueueWaitForMessageRestricted  queue.o
    0x0800ac80   0x0800ac80   0x0000006c   Code   RO         4411    i.vTaskDelay        tasks.o
    0x0800acec   0x0800acec   0x000000cc   Code   RO         4413    i.vTaskDelete       tasks.o
    0x0800adb8   0x0800adb8   0x0000000c   Code   RO         4417    i.vTaskMissedYield  tasks.o
    0x0800adc4   0x0800adc4   0x00000054   Code   RO         4419    i.vTaskPlaceOnEventList  tasks.o
    0x0800ae18   0x0800ae18   0x0000005c   Code   RO         4420    i.vTaskPlaceOnEventListRestricted  tasks.o
    0x0800ae74   0x0800ae74   0x00000084   Code   RO         4422    i.vTaskPriorityInherit  tasks.o
    0x0800aef8   0x0800aef8   0x00000048   Code   RO         4426    i.vTaskSetTimeOutState  tasks.o
    0x0800af40   0x0800af40   0x00000094   Code   RO         4427    i.vTaskStartScheduler  tasks.o
    0x0800afd4   0x0800afd4   0x00000010   Code   RO         4429    i.vTaskSuspendAll   tasks.o
    0x0800afe4   0x0800afe4   0x00000094   Code   RO         4430    i.vTaskSwitchContext  tasks.o
    0x0800b078   0x0800b078   0x00000074   Code   RO         4925    i.xPortStartScheduler  port.o
    0x0800b0ec   0x0800b0ec   0x0000002c   Code   RO         4926    i.xPortSysTickHandler  port.o
    0x0800b118   0x0800b118   0x00000078   Code   RO         4196    i.xQueueGenericCreate  queue.o
    0x0800b190   0x0800b190   0x00000184   Code   RO         4197    i.xQueueGenericReceive  queue.o
    0x0800b314   0x0800b314   0x000000a8   Code   RO         4198    i.xQueueGenericReset  queue.o
    0x0800b3bc   0x0800b3bc   0x00000180   Code   RO         4199    i.xQueueGenericSend  queue.o
    0x0800b53c   0x0800b53c   0x000000e4   Code   RO         4200    i.xQueueGenericSendFromISR  queue.o
    0x0800b620   0x0800b620   0x00000088   Code   RO         4431    i.xTaskCheckForTimeOut  tasks.o
    0x0800b6a8   0x0800b6a8   0x00000056   Code   RO         4432    i.xTaskCreate       tasks.o
    0x0800b6fe   0x0800b6fe   0x00000002   PAD
    0x0800b700   0x0800b700   0x000000e8   Code   RO         4433    i.xTaskGenericNotify  tasks.o
    0x0800b7e8   0x0800b7e8   0x0000001c   Code   RO         4436    i.xTaskGetSchedulerState  tasks.o
    0x0800b804   0x0800b804   0x0000000c   Code   RO         4437    i.xTaskGetTickCount  tasks.o
    0x0800b810   0x0800b810   0x000000e8   Code   RO         4439    i.xTaskIncrementTick  tasks.o
    0x0800b8f8   0x0800b8f8   0x000000b4   Code   RO         4442    i.xTaskPriorityDisinherit  tasks.o
    0x0800b9ac   0x0800b9ac   0x00000098   Code   RO         4443    i.xTaskRemoveFromEventList  tasks.o
    0x0800ba44   0x0800ba44   0x000000e8   Code   RO         4445    i.xTaskResumeAll    tasks.o
    0x0800bb2c   0x0800bb2c   0x00000074   Code   RO         4758    i.xTimerCreate      timers.o
    0x0800bba0   0x0800bba0   0x00000070   Code   RO         4759    i.xTimerCreateTimerTask  timers.o
    0x0800bc10   0x0800bc10   0x00000090   Code   RO         4760    i.xTimerGenericCommand  timers.o
    0x0800bca0   0x0800bca0   0x00000002   Data   RO         2539    .constdata          hdulogo.o
    0x0800bca2   0x0800bca2   0x00000002   PAD
    0x0800bca4   0x0800bca4   0x0000000c   Data   RO         2540    .constdata          hdulogo.o
    0x0800bcb0   0x0800bcb0   0x000003ca   Data   RO         2541    .constdata          hdulogo.o
    0x0800c07a   0x0800c07a   0x00000002   PAD
    0x0800c07c   0x0800c07c   0x00000010   Data   RO         2542    .constdata          hdulogo.o
    0x0800c08c   0x0800c08c   0x0000000c   Data   RO         2558    .constdata          simsun_12.o
    0x0800c098   0x0800c098   0x0000000c   Data   RO         2559    .constdata          simsun_12.o
    0x0800c0a4   0x0800c0a4   0x0000000c   Data   RO         2560    .constdata          simsun_12.o
    0x0800c0b0   0x0800c0b0   0x0000000c   Data   RO         2561    .constdata          simsun_12.o
    0x0800c0bc   0x0800c0bc   0x0000000c   Data   RO         2562    .constdata          simsun_12.o
    0x0800c0c8   0x0800c0c8   0x0000000c   Data   RO         2563    .constdata          simsun_12.o
    0x0800c0d4   0x0800c0d4   0x0000000c   Data   RO         2564    .constdata          simsun_12.o
    0x0800c0e0   0x0800c0e0   0x0000000c   Data   RO         2565    .constdata          simsun_12.o
    0x0800c0ec   0x0800c0ec   0x0000000c   Data   RO         2566    .constdata          simsun_12.o
    0x0800c0f8   0x0800c0f8   0x0000000c   Data   RO         2567    .constdata          simsun_12.o
    0x0800c104   0x0800c104   0x0000000c   Data   RO         2568    .constdata          simsun_12.o
    0x0800c110   0x0800c110   0x0000000c   Data   RO         2569    .constdata          simsun_12.o
    0x0800c11c   0x0800c11c   0x0000000c   Data   RO         2570    .constdata          simsun_12.o
    0x0800c128   0x0800c128   0x0000000c   Data   RO         2571    .constdata          simsun_12.o
    0x0800c134   0x0800c134   0x0000000c   Data   RO         2572    .constdata          simsun_12.o
    0x0800c140   0x0800c140   0x0000000c   Data   RO         2573    .constdata          simsun_12.o
    0x0800c14c   0x0800c14c   0x0000000c   Data   RO         2574    .constdata          simsun_12.o
    0x0800c158   0x0800c158   0x0000000c   Data   RO         2575    .constdata          simsun_12.o
    0x0800c164   0x0800c164   0x0000000c   Data   RO         2576    .constdata          simsun_12.o
    0x0800c170   0x0800c170   0x0000000c   Data   RO         2577    .constdata          simsun_12.o
    0x0800c17c   0x0800c17c   0x0000000c   Data   RO         2578    .constdata          simsun_12.o
    0x0800c188   0x0800c188   0x0000000c   Data   RO         2579    .constdata          simsun_12.o
    0x0800c194   0x0800c194   0x0000000c   Data   RO         2580    .constdata          simsun_12.o
    0x0800c1a0   0x0800c1a0   0x0000000c   Data   RO         2581    .constdata          simsun_12.o
    0x0800c1ac   0x0800c1ac   0x0000000c   Data   RO         2582    .constdata          simsun_12.o
    0x0800c1b8   0x0800c1b8   0x0000000c   Data   RO         2583    .constdata          simsun_12.o
    0x0800c1c4   0x0800c1c4   0x0000000c   Data   RO         2584    .constdata          simsun_12.o
    0x0800c1d0   0x0800c1d0   0x0000000c   Data   RO         2585    .constdata          simsun_12.o
    0x0800c1dc   0x0800c1dc   0x0000000c   Data   RO         2586    .constdata          simsun_12.o
    0x0800c1e8   0x0800c1e8   0x0000000c   Data   RO         2587    .constdata          simsun_12.o
    0x0800c1f4   0x0800c1f4   0x0000000c   Data   RO         2588    .constdata          simsun_12.o
    0x0800c200   0x0800c200   0x0000000c   Data   RO         2589    .constdata          simsun_12.o
    0x0800c20c   0x0800c20c   0x0000000c   Data   RO         2590    .constdata          simsun_12.o
    0x0800c218   0x0800c218   0x0000000c   Data   RO         2591    .constdata          simsun_12.o
    0x0800c224   0x0800c224   0x0000000c   Data   RO         2592    .constdata          simsun_12.o
    0x0800c230   0x0800c230   0x0000000c   Data   RO         2593    .constdata          simsun_12.o
    0x0800c23c   0x0800c23c   0x0000000c   Data   RO         2594    .constdata          simsun_12.o
    0x0800c248   0x0800c248   0x0000000c   Data   RO         2595    .constdata          simsun_12.o
    0x0800c254   0x0800c254   0x0000000c   Data   RO         2596    .constdata          simsun_12.o
    0x0800c260   0x0800c260   0x0000000c   Data   RO         2597    .constdata          simsun_12.o
    0x0800c26c   0x0800c26c   0x0000000c   Data   RO         2598    .constdata          simsun_12.o
    0x0800c278   0x0800c278   0x0000000c   Data   RO         2599    .constdata          simsun_12.o
    0x0800c284   0x0800c284   0x0000000c   Data   RO         2600    .constdata          simsun_12.o
    0x0800c290   0x0800c290   0x0000000c   Data   RO         2601    .constdata          simsun_12.o
    0x0800c29c   0x0800c29c   0x0000000c   Data   RO         2602    .constdata          simsun_12.o
    0x0800c2a8   0x0800c2a8   0x0000000c   Data   RO         2603    .constdata          simsun_12.o
    0x0800c2b4   0x0800c2b4   0x0000000c   Data   RO         2604    .constdata          simsun_12.o
    0x0800c2c0   0x0800c2c0   0x0000000c   Data   RO         2605    .constdata          simsun_12.o
    0x0800c2cc   0x0800c2cc   0x0000000c   Data   RO         2606    .constdata          simsun_12.o
    0x0800c2d8   0x0800c2d8   0x0000000c   Data   RO         2607    .constdata          simsun_12.o
    0x0800c2e4   0x0800c2e4   0x0000000c   Data   RO         2608    .constdata          simsun_12.o
    0x0800c2f0   0x0800c2f0   0x0000000c   Data   RO         2609    .constdata          simsun_12.o
    0x0800c2fc   0x0800c2fc   0x0000000c   Data   RO         2610    .constdata          simsun_12.o
    0x0800c308   0x0800c308   0x0000000c   Data   RO         2611    .constdata          simsun_12.o
    0x0800c314   0x0800c314   0x0000000c   Data   RO         2612    .constdata          simsun_12.o
    0x0800c320   0x0800c320   0x0000000c   Data   RO         2613    .constdata          simsun_12.o
    0x0800c32c   0x0800c32c   0x0000000c   Data   RO         2614    .constdata          simsun_12.o
    0x0800c338   0x0800c338   0x0000000c   Data   RO         2615    .constdata          simsun_12.o
    0x0800c344   0x0800c344   0x0000000c   Data   RO         2616    .constdata          simsun_12.o
    0x0800c350   0x0800c350   0x0000000c   Data   RO         2617    .constdata          simsun_12.o
    0x0800c35c   0x0800c35c   0x0000000c   Data   RO         2618    .constdata          simsun_12.o
    0x0800c368   0x0800c368   0x0000000c   Data   RO         2619    .constdata          simsun_12.o
    0x0800c374   0x0800c374   0x0000000c   Data   RO         2620    .constdata          simsun_12.o
    0x0800c380   0x0800c380   0x0000000c   Data   RO         2621    .constdata          simsun_12.o
    0x0800c38c   0x0800c38c   0x0000000c   Data   RO         2622    .constdata          simsun_12.o
    0x0800c398   0x0800c398   0x0000000c   Data   RO         2623    .constdata          simsun_12.o
    0x0800c3a4   0x0800c3a4   0x0000000c   Data   RO         2624    .constdata          simsun_12.o
    0x0800c3b0   0x0800c3b0   0x0000000c   Data   RO         2625    .constdata          simsun_12.o
    0x0800c3bc   0x0800c3bc   0x0000000c   Data   RO         2626    .constdata          simsun_12.o
    0x0800c3c8   0x0800c3c8   0x0000000c   Data   RO         2627    .constdata          simsun_12.o
    0x0800c3d4   0x0800c3d4   0x0000000c   Data   RO         2628    .constdata          simsun_12.o
    0x0800c3e0   0x0800c3e0   0x0000000c   Data   RO         2629    .constdata          simsun_12.o
    0x0800c3ec   0x0800c3ec   0x0000000c   Data   RO         2630    .constdata          simsun_12.o
    0x0800c3f8   0x0800c3f8   0x0000000c   Data   RO         2631    .constdata          simsun_12.o
    0x0800c404   0x0800c404   0x0000000c   Data   RO         2632    .constdata          simsun_12.o
    0x0800c410   0x0800c410   0x0000000c   Data   RO         2633    .constdata          simsun_12.o
    0x0800c41c   0x0800c41c   0x0000000c   Data   RO         2634    .constdata          simsun_12.o
    0x0800c428   0x0800c428   0x0000000c   Data   RO         2635    .constdata          simsun_12.o
    0x0800c434   0x0800c434   0x0000000c   Data   RO         2636    .constdata          simsun_12.o
    0x0800c440   0x0800c440   0x0000000c   Data   RO         2637    .constdata          simsun_12.o
    0x0800c44c   0x0800c44c   0x0000000c   Data   RO         2638    .constdata          simsun_12.o
    0x0800c458   0x0800c458   0x0000000c   Data   RO         2639    .constdata          simsun_12.o
    0x0800c464   0x0800c464   0x0000000c   Data   RO         2640    .constdata          simsun_12.o
    0x0800c470   0x0800c470   0x0000000c   Data   RO         2641    .constdata          simsun_12.o
    0x0800c47c   0x0800c47c   0x0000000c   Data   RO         2642    .constdata          simsun_12.o
    0x0800c488   0x0800c488   0x0000000c   Data   RO         2643    .constdata          simsun_12.o
    0x0800c494   0x0800c494   0x0000000c   Data   RO         2644    .constdata          simsun_12.o
    0x0800c4a0   0x0800c4a0   0x0000000c   Data   RO         2645    .constdata          simsun_12.o
    0x0800c4ac   0x0800c4ac   0x0000000c   Data   RO         2646    .constdata          simsun_12.o
    0x0800c4b8   0x0800c4b8   0x0000000c   Data   RO         2647    .constdata          simsun_12.o
    0x0800c4c4   0x0800c4c4   0x0000000c   Data   RO         2648    .constdata          simsun_12.o
    0x0800c4d0   0x0800c4d0   0x0000000c   Data   RO         2649    .constdata          simsun_12.o
    0x0800c4dc   0x0800c4dc   0x0000000c   Data   RO         2650    .constdata          simsun_12.o
    0x0800c4e8   0x0800c4e8   0x0000000c   Data   RO         2651    .constdata          simsun_12.o
    0x0800c4f4   0x0800c4f4   0x0000000c   Data   RO         2652    .constdata          simsun_12.o
    0x0800c500   0x0800c500   0x0000000c   Data   RO         2653    .constdata          simsun_12.o
    0x0800c50c   0x0800c50c   0x00000018   Data   RO         2654    .constdata          simsun_12.o
    0x0800c524   0x0800c524   0x00000018   Data   RO         2655    .constdata          simsun_12.o
    0x0800c53c   0x0800c53c   0x00000018   Data   RO         2656    .constdata          simsun_12.o
    0x0800c554   0x0800c554   0x00000018   Data   RO         2657    .constdata          simsun_12.o
    0x0800c56c   0x0800c56c   0x00000018   Data   RO         2658    .constdata          simsun_12.o
    0x0800c584   0x0800c584   0x00000018   Data   RO         2659    .constdata          simsun_12.o
    0x0800c59c   0x0800c59c   0x00000018   Data   RO         2660    .constdata          simsun_12.o
    0x0800c5b4   0x0800c5b4   0x00000018   Data   RO         2661    .constdata          simsun_12.o
    0x0800c5cc   0x0800c5cc   0x00000018   Data   RO         2662    .constdata          simsun_12.o
    0x0800c5e4   0x0800c5e4   0x00000018   Data   RO         2663    .constdata          simsun_12.o
    0x0800c5fc   0x0800c5fc   0x00000018   Data   RO         2664    .constdata          simsun_12.o
    0x0800c614   0x0800c614   0x00000018   Data   RO         2665    .constdata          simsun_12.o
    0x0800c62c   0x0800c62c   0x00000018   Data   RO         2666    .constdata          simsun_12.o
    0x0800c644   0x0800c644   0x00000018   Data   RO         2667    .constdata          simsun_12.o
    0x0800c65c   0x0800c65c   0x00000018   Data   RO         2668    .constdata          simsun_12.o
    0x0800c674   0x0800c674   0x00000018   Data   RO         2669    .constdata          simsun_12.o
    0x0800c68c   0x0800c68c   0x00000018   Data   RO         2670    .constdata          simsun_12.o
    0x0800c6a4   0x0800c6a4   0x00000018   Data   RO         2671    .constdata          simsun_12.o
    0x0800c6bc   0x0800c6bc   0x00000018   Data   RO         2672    .constdata          simsun_12.o
    0x0800c6d4   0x0800c6d4   0x00000018   Data   RO         2673    .constdata          simsun_12.o
    0x0800c6ec   0x0800c6ec   0x00000018   Data   RO         2674    .constdata          simsun_12.o
    0x0800c704   0x0800c704   0x00000018   Data   RO         2675    .constdata          simsun_12.o
    0x0800c71c   0x0800c71c   0x00000018   Data   RO         2676    .constdata          simsun_12.o
    0x0800c734   0x0800c734   0x00000018   Data   RO         2677    .constdata          simsun_12.o
    0x0800c74c   0x0800c74c   0x00000018   Data   RO         2678    .constdata          simsun_12.o
    0x0800c764   0x0800c764   0x00000018   Data   RO         2679    .constdata          simsun_12.o
    0x0800c77c   0x0800c77c   0x00000018   Data   RO         2680    .constdata          simsun_12.o
    0x0800c794   0x0800c794   0x00000018   Data   RO         2681    .constdata          simsun_12.o
    0x0800c7ac   0x0800c7ac   0x00000018   Data   RO         2682    .constdata          simsun_12.o
    0x0800c7c4   0x0800c7c4   0x00000018   Data   RO         2683    .constdata          simsun_12.o
    0x0800c7dc   0x0800c7dc   0x00000018   Data   RO         2684    .constdata          simsun_12.o
    0x0800c7f4   0x0800c7f4   0x00000018   Data   RO         2685    .constdata          simsun_12.o
    0x0800c80c   0x0800c80c   0x00000018   Data   RO         2686    .constdata          simsun_12.o
    0x0800c824   0x0800c824   0x00000018   Data   RO         2687    .constdata          simsun_12.o
    0x0800c83c   0x0800c83c   0x00000018   Data   RO         2688    .constdata          simsun_12.o
    0x0800c854   0x0800c854   0x00000018   Data   RO         2689    .constdata          simsun_12.o
    0x0800c86c   0x0800c86c   0x00000018   Data   RO         2690    .constdata          simsun_12.o
    0x0800c884   0x0800c884   0x00000018   Data   RO         2691    .constdata          simsun_12.o
    0x0800c89c   0x0800c89c   0x00000018   Data   RO         2692    .constdata          simsun_12.o
    0x0800c8b4   0x0800c8b4   0x00000018   Data   RO         2693    .constdata          simsun_12.o
    0x0800c8cc   0x0800c8cc   0x00000018   Data   RO         2694    .constdata          simsun_12.o
    0x0800c8e4   0x0800c8e4   0x00000018   Data   RO         2695    .constdata          simsun_12.o
    0x0800c8fc   0x0800c8fc   0x00000018   Data   RO         2696    .constdata          simsun_12.o
    0x0800c914   0x0800c914   0x00000018   Data   RO         2697    .constdata          simsun_12.o
    0x0800c92c   0x0800c92c   0x00000018   Data   RO         2698    .constdata          simsun_12.o
    0x0800c944   0x0800c944   0x00000018   Data   RO         2699    .constdata          simsun_12.o
    0x0800c95c   0x0800c95c   0x00000018   Data   RO         2700    .constdata          simsun_12.o
    0x0800c974   0x0800c974   0x00000018   Data   RO         2701    .constdata          simsun_12.o
    0x0800c98c   0x0800c98c   0x00000018   Data   RO         2702    .constdata          simsun_12.o
    0x0800c9a4   0x0800c9a4   0x00000018   Data   RO         2703    .constdata          simsun_12.o
    0x0800c9bc   0x0800c9bc   0x00000018   Data   RO         2704    .constdata          simsun_12.o
    0x0800c9d4   0x0800c9d4   0x00000018   Data   RO         2705    .constdata          simsun_12.o
    0x0800c9ec   0x0800c9ec   0x00000018   Data   RO         2706    .constdata          simsun_12.o
    0x0800ca04   0x0800ca04   0x00000018   Data   RO         2707    .constdata          simsun_12.o
    0x0800ca1c   0x0800ca1c   0x00000018   Data   RO         2708    .constdata          simsun_12.o
    0x0800ca34   0x0800ca34   0x00000018   Data   RO         2709    .constdata          simsun_12.o
    0x0800ca4c   0x0800ca4c   0x00000018   Data   RO         2710    .constdata          simsun_12.o
    0x0800ca64   0x0800ca64   0x00000018   Data   RO         2711    .constdata          simsun_12.o
    0x0800ca7c   0x0800ca7c   0x00000018   Data   RO         2712    .constdata          simsun_12.o
    0x0800ca94   0x0800ca94   0x00000018   Data   RO         2713    .constdata          simsun_12.o
    0x0800caac   0x0800caac   0x00000018   Data   RO         2714    .constdata          simsun_12.o
    0x0800cac4   0x0800cac4   0x00000018   Data   RO         2715    .constdata          simsun_12.o
    0x0800cadc   0x0800cadc   0x00000018   Data   RO         2716    .constdata          simsun_12.o
    0x0800caf4   0x0800caf4   0x00000018   Data   RO         2717    .constdata          simsun_12.o
    0x0800cb0c   0x0800cb0c   0x00000018   Data   RO         2718    .constdata          simsun_12.o
    0x0800cb24   0x0800cb24   0x00000018   Data   RO         2719    .constdata          simsun_12.o
    0x0800cb3c   0x0800cb3c   0x00000018   Data   RO         2720    .constdata          simsun_12.o
    0x0800cb54   0x0800cb54   0x00000018   Data   RO         2721    .constdata          simsun_12.o
    0x0800cb6c   0x0800cb6c   0x00000018   Data   RO         2722    .constdata          simsun_12.o
    0x0800cb84   0x0800cb84   0x00000018   Data   RO         2723    .constdata          simsun_12.o
    0x0800cb9c   0x0800cb9c   0x00000018   Data   RO         2724    .constdata          simsun_12.o
    0x0800cbb4   0x0800cbb4   0x00000018   Data   RO         2725    .constdata          simsun_12.o
    0x0800cbcc   0x0800cbcc   0x00000018   Data   RO         2726    .constdata          simsun_12.o
    0x0800cbe4   0x0800cbe4   0x00000018   Data   RO         2727    .constdata          simsun_12.o
    0x0800cbfc   0x0800cbfc   0x00000018   Data   RO         2728    .constdata          simsun_12.o
    0x0800cc14   0x0800cc14   0x00000018   Data   RO         2729    .constdata          simsun_12.o
    0x0800cc2c   0x0800cc2c   0x00000018   Data   RO         2730    .constdata          simsun_12.o
    0x0800cc44   0x0800cc44   0x00000018   Data   RO         2731    .constdata          simsun_12.o
    0x0800cc5c   0x0800cc5c   0x00000018   Data   RO         2732    .constdata          simsun_12.o
    0x0800cc74   0x0800cc74   0x00000018   Data   RO         2733    .constdata          simsun_12.o
    0x0800cc8c   0x0800cc8c   0x00000018   Data   RO         2734    .constdata          simsun_12.o
    0x0800cca4   0x0800cca4   0x00000018   Data   RO         2735    .constdata          simsun_12.o
    0x0800ccbc   0x0800ccbc   0x00000018   Data   RO         2736    .constdata          simsun_12.o
    0x0800ccd4   0x0800ccd4   0x00000018   Data   RO         2737    .constdata          simsun_12.o
    0x0800ccec   0x0800ccec   0x00000018   Data   RO         2738    .constdata          simsun_12.o
    0x0800cd04   0x0800cd04   0x00000018   Data   RO         2739    .constdata          simsun_12.o
    0x0800cd1c   0x0800cd1c   0x00000018   Data   RO         2740    .constdata          simsun_12.o
    0x0800cd34   0x0800cd34   0x00000018   Data   RO         2741    .constdata          simsun_12.o
    0x0800cd4c   0x0800cd4c   0x00000018   Data   RO         2742    .constdata          simsun_12.o
    0x0800cd64   0x0800cd64   0x00000018   Data   RO         2743    .constdata          simsun_12.o
    0x0800cd7c   0x0800cd7c   0x00000018   Data   RO         2744    .constdata          simsun_12.o
    0x0800cd94   0x0800cd94   0x00000018   Data   RO         2745    .constdata          simsun_12.o
    0x0800cdac   0x0800cdac   0x00000018   Data   RO         2746    .constdata          simsun_12.o
    0x0800cdc4   0x0800cdc4   0x00000018   Data   RO         2747    .constdata          simsun_12.o
    0x0800cddc   0x0800cddc   0x00000018   Data   RO         2748    .constdata          simsun_12.o
    0x0800cdf4   0x0800cdf4   0x00000018   Data   RO         2749    .constdata          simsun_12.o
    0x0800ce0c   0x0800ce0c   0x00000018   Data   RO         2750    .constdata          simsun_12.o
    0x0800ce24   0x0800ce24   0x00000018   Data   RO         2751    .constdata          simsun_12.o
    0x0800ce3c   0x0800ce3c   0x00000018   Data   RO         2752    .constdata          simsun_12.o
    0x0800ce54   0x0800ce54   0x00000018   Data   RO         2753    .constdata          simsun_12.o
    0x0800ce6c   0x0800ce6c   0x00000018   Data   RO         2754    .constdata          simsun_12.o
    0x0800ce84   0x0800ce84   0x00000018   Data   RO         2755    .constdata          simsun_12.o
    0x0800ce9c   0x0800ce9c   0x00000018   Data   RO         2756    .constdata          simsun_12.o
    0x0800ceb4   0x0800ceb4   0x00000018   Data   RO         2757    .constdata          simsun_12.o
    0x0800cecc   0x0800cecc   0x00000018   Data   RO         2758    .constdata          simsun_12.o
    0x0800cee4   0x0800cee4   0x00000018   Data   RO         2759    .constdata          simsun_12.o
    0x0800cefc   0x0800cefc   0x00000018   Data   RO         2760    .constdata          simsun_12.o
    0x0800cf14   0x0800cf14   0x00000018   Data   RO         2761    .constdata          simsun_12.o
    0x0800cf2c   0x0800cf2c   0x00000018   Data   RO         2762    .constdata          simsun_12.o
    0x0800cf44   0x0800cf44   0x00000018   Data   RO         2763    .constdata          simsun_12.o
    0x0800cf5c   0x0800cf5c   0x00000018   Data   RO         2764    .constdata          simsun_12.o
    0x0800cf74   0x0800cf74   0x00000018   Data   RO         2765    .constdata          simsun_12.o
    0x0800cf8c   0x0800cf8c   0x00000018   Data   RO         2766    .constdata          simsun_12.o
    0x0800cfa4   0x0800cfa4   0x00000018   Data   RO         2767    .constdata          simsun_12.o
    0x0800cfbc   0x0800cfbc   0x00000018   Data   RO         2768    .constdata          simsun_12.o
    0x0800cfd4   0x0800cfd4   0x00000018   Data   RO         2769    .constdata          simsun_12.o
    0x0800cfec   0x0800cfec   0x00000018   Data   RO         2770    .constdata          simsun_12.o
    0x0800d004   0x0800d004   0x00000018   Data   RO         2771    .constdata          simsun_12.o
    0x0800d01c   0x0800d01c   0x00000018   Data   RO         2772    .constdata          simsun_12.o
    0x0800d034   0x0800d034   0x00000018   Data   RO         2773    .constdata          simsun_12.o
    0x0800d04c   0x0800d04c   0x00000018   Data   RO         2774    .constdata          simsun_12.o
    0x0800d064   0x0800d064   0x00000018   Data   RO         2775    .constdata          simsun_12.o
    0x0800d07c   0x0800d07c   0x00000018   Data   RO         2776    .constdata          simsun_12.o
    0x0800d094   0x0800d094   0x00000018   Data   RO         2777    .constdata          simsun_12.o
    0x0800d0ac   0x0800d0ac   0x00000018   Data   RO         2778    .constdata          simsun_12.o
    0x0800d0c4   0x0800d0c4   0x00000018   Data   RO         2779    .constdata          simsun_12.o
    0x0800d0dc   0x0800d0dc   0x00000018   Data   RO         2780    .constdata          simsun_12.o
    0x0800d0f4   0x0800d0f4   0x00000018   Data   RO         2781    .constdata          simsun_12.o
    0x0800d10c   0x0800d10c   0x00000018   Data   RO         2782    .constdata          simsun_12.o
    0x0800d124   0x0800d124   0x00000018   Data   RO         2783    .constdata          simsun_12.o
    0x0800d13c   0x0800d13c   0x00000018   Data   RO         2784    .constdata          simsun_12.o
    0x0800d154   0x0800d154   0x00000018   Data   RO         2785    .constdata          simsun_12.o
    0x0800d16c   0x0800d16c   0x00000018   Data   RO         2786    .constdata          simsun_12.o
    0x0800d184   0x0800d184   0x00000018   Data   RO         2787    .constdata          simsun_12.o
    0x0800d19c   0x0800d19c   0x00000018   Data   RO         2788    .constdata          simsun_12.o
    0x0800d1b4   0x0800d1b4   0x00000018   Data   RO         2789    .constdata          simsun_12.o
    0x0800d1cc   0x0800d1cc   0x00000018   Data   RO         2790    .constdata          simsun_12.o
    0x0800d1e4   0x0800d1e4   0x00000018   Data   RO         2791    .constdata          simsun_12.o
    0x0800d1fc   0x0800d1fc   0x00000018   Data   RO         2792    .constdata          simsun_12.o
    0x0800d214   0x0800d214   0x00000758   Data   RO         2793    .constdata          simsun_12.o
    0x0800d96c   0x0800d96c   0x0000000c   Data   RO         2794    .constdata          simsun_12.o
    0x0800d978   0x0800d978   0x0000000c   Data   RO         2795    .constdata          simsun_12.o
    0x0800d984   0x0800d984   0x0000000c   Data   RO         2796    .constdata          simsun_12.o
    0x0800d990   0x0800d990   0x0000000c   Data   RO         2797    .constdata          simsun_12.o
    0x0800d99c   0x0800d99c   0x0000000c   Data   RO         2798    .constdata          simsun_12.o
    0x0800d9a8   0x0800d9a8   0x0000000c   Data   RO         2799    .constdata          simsun_12.o
    0x0800d9b4   0x0800d9b4   0x0000000c   Data   RO         2800    .constdata          simsun_12.o
    0x0800d9c0   0x0800d9c0   0x0000000c   Data   RO         2801    .constdata          simsun_12.o
    0x0800d9cc   0x0800d9cc   0x0000000c   Data   RO         2802    .constdata          simsun_12.o
    0x0800d9d8   0x0800d9d8   0x0000000c   Data   RO         2803    .constdata          simsun_12.o
    0x0800d9e4   0x0800d9e4   0x0000000c   Data   RO         2804    .constdata          simsun_12.o
    0x0800d9f0   0x0800d9f0   0x0000000c   Data   RO         2805    .constdata          simsun_12.o
    0x0800d9fc   0x0800d9fc   0x0000000c   Data   RO         2806    .constdata          simsun_12.o
    0x0800da08   0x0800da08   0x0000000c   Data   RO         2807    .constdata          simsun_12.o
    0x0800da14   0x0800da14   0x0000000c   Data   RO         2808    .constdata          simsun_12.o
    0x0800da20   0x0800da20   0x0000000c   Data   RO         2809    .constdata          simsun_12.o
    0x0800da2c   0x0800da2c   0x0000000c   Data   RO         2810    .constdata          simsun_12.o
    0x0800da38   0x0800da38   0x0000000c   Data   RO         2811    .constdata          simsun_12.o
    0x0800da44   0x0800da44   0x0000000c   Data   RO         2812    .constdata          simsun_12.o
    0x0800da50   0x0800da50   0x0000000c   Data   RO         2813    .constdata          simsun_12.o
    0x0800da5c   0x0800da5c   0x0000000c   Data   RO         2814    .constdata          simsun_12.o
    0x0800da68   0x0800da68   0x0000000c   Data   RO         2815    .constdata          simsun_12.o
    0x0800da74   0x0800da74   0x0000000c   Data   RO         2816    .constdata          simsun_12.o
    0x0800da80   0x0800da80   0x0000000c   Data   RO         2817    .constdata          simsun_12.o
    0x0800da8c   0x0800da8c   0x0000000c   Data   RO         2818    .constdata          simsun_12.o
    0x0800da98   0x0800da98   0x0000000c   Data   RO         2819    .constdata          simsun_12.o
    0x0800daa4   0x0800daa4   0x0000000c   Data   RO         2820    .constdata          simsun_12.o
    0x0800dab0   0x0800dab0   0x0000000c   Data   RO         2821    .constdata          simsun_12.o
    0x0800dabc   0x0800dabc   0x0000000c   Data   RO         2822    .constdata          simsun_12.o
    0x0800dac8   0x0800dac8   0x0000000c   Data   RO         2823    .constdata          simsun_12.o
    0x0800dad4   0x0800dad4   0x0000000c   Data   RO         2824    .constdata          simsun_12.o
    0x0800dae0   0x0800dae0   0x0000000c   Data   RO         2825    .constdata          simsun_12.o
    0x0800daec   0x0800daec   0x0000000c   Data   RO         2826    .constdata          simsun_12.o
    0x0800daf8   0x0800daf8   0x0000000c   Data   RO         2827    .constdata          simsun_12.o
    0x0800db04   0x0800db04   0x0000000c   Data   RO         2828    .constdata          simsun_12.o
    0x0800db10   0x0800db10   0x0000000c   Data   RO         2829    .constdata          simsun_12.o
    0x0800db1c   0x0800db1c   0x0000000c   Data   RO         2830    .constdata          simsun_12.o
    0x0800db28   0x0800db28   0x0000000c   Data   RO         2831    .constdata          simsun_12.o
    0x0800db34   0x0800db34   0x0000000c   Data   RO         2832    .constdata          simsun_12.o
    0x0800db40   0x0800db40   0x0000000c   Data   RO         2833    .constdata          simsun_12.o
    0x0800db4c   0x0800db4c   0x0000000c   Data   RO         2834    .constdata          simsun_12.o
    0x0800db58   0x0800db58   0x0000000c   Data   RO         2835    .constdata          simsun_12.o
    0x0800db64   0x0800db64   0x0000000c   Data   RO         2836    .constdata          simsun_12.o
    0x0800db70   0x0800db70   0x0000000c   Data   RO         2837    .constdata          simsun_12.o
    0x0800db7c   0x0800db7c   0x0000000c   Data   RO         2838    .constdata          simsun_12.o
    0x0800db88   0x0800db88   0x0000000c   Data   RO         2839    .constdata          simsun_12.o
    0x0800db94   0x0800db94   0x0000000c   Data   RO         2840    .constdata          simsun_12.o
    0x0800dba0   0x0800dba0   0x0000000c   Data   RO         2841    .constdata          simsun_12.o
    0x0800dbac   0x0800dbac   0x0000000c   Data   RO         2842    .constdata          simsun_12.o
    0x0800dbb8   0x0800dbb8   0x0000000c   Data   RO         2843    .constdata          simsun_12.o
    0x0800dbc4   0x0800dbc4   0x0000000c   Data   RO         2844    .constdata          simsun_12.o
    0x0800dbd0   0x0800dbd0   0x0000000c   Data   RO         2845    .constdata          simsun_12.o
    0x0800dbdc   0x0800dbdc   0x0000000c   Data   RO         2846    .constdata          simsun_12.o
    0x0800dbe8   0x0800dbe8   0x0000000c   Data   RO         2847    .constdata          simsun_12.o
    0x0800dbf4   0x0800dbf4   0x0000000c   Data   RO         2848    .constdata          simsun_12.o
    0x0800dc00   0x0800dc00   0x0000000c   Data   RO         2849    .constdata          simsun_12.o
    0x0800dc0c   0x0800dc0c   0x0000000c   Data   RO         2850    .constdata          simsun_12.o
    0x0800dc18   0x0800dc18   0x0000000c   Data   RO         2851    .constdata          simsun_12.o
    0x0800dc24   0x0800dc24   0x0000000c   Data   RO         2852    .constdata          simsun_12.o
    0x0800dc30   0x0800dc30   0x0000000c   Data   RO         2853    .constdata          simsun_12.o
    0x0800dc3c   0x0800dc3c   0x0000000c   Data   RO         2854    .constdata          simsun_12.o
    0x0800dc48   0x0800dc48   0x0000000c   Data   RO         2855    .constdata          simsun_12.o
    0x0800dc54   0x0800dc54   0x0000000c   Data   RO         2856    .constdata          simsun_12.o
    0x0800dc60   0x0800dc60   0x0000000c   Data   RO         2857    .constdata          simsun_12.o
    0x0800dc6c   0x0800dc6c   0x0000000c   Data   RO         2858    .constdata          simsun_12.o
    0x0800dc78   0x0800dc78   0x0000000c   Data   RO         2859    .constdata          simsun_12.o
    0x0800dc84   0x0800dc84   0x0000000c   Data   RO         2860    .constdata          simsun_12.o
    0x0800dc90   0x0800dc90   0x0000000c   Data   RO         2861    .constdata          simsun_12.o
    0x0800dc9c   0x0800dc9c   0x0000000c   Data   RO         2862    .constdata          simsun_12.o
    0x0800dca8   0x0800dca8   0x0000000c   Data   RO         2863    .constdata          simsun_12.o
    0x0800dcb4   0x0800dcb4   0x0000000c   Data   RO         2864    .constdata          simsun_12.o
    0x0800dcc0   0x0800dcc0   0x0000000c   Data   RO         2865    .constdata          simsun_12.o
    0x0800dccc   0x0800dccc   0x0000000c   Data   RO         2866    .constdata          simsun_12.o
    0x0800dcd8   0x0800dcd8   0x0000000c   Data   RO         2867    .constdata          simsun_12.o
    0x0800dce4   0x0800dce4   0x0000000c   Data   RO         2868    .constdata          simsun_12.o
    0x0800dcf0   0x0800dcf0   0x0000000c   Data   RO         2869    .constdata          simsun_12.o
    0x0800dcfc   0x0800dcfc   0x0000000c   Data   RO         2870    .constdata          simsun_12.o
    0x0800dd08   0x0800dd08   0x0000000c   Data   RO         2871    .constdata          simsun_12.o
    0x0800dd14   0x0800dd14   0x0000000c   Data   RO         2872    .constdata          simsun_12.o
    0x0800dd20   0x0800dd20   0x0000000c   Data   RO         2873    .constdata          simsun_12.o
    0x0800dd2c   0x0800dd2c   0x0000000c   Data   RO         2874    .constdata          simsun_12.o
    0x0800dd38   0x0800dd38   0x0000000c   Data   RO         2875    .constdata          simsun_12.o
    0x0800dd44   0x0800dd44   0x0000000c   Data   RO         2876    .constdata          simsun_12.o
    0x0800dd50   0x0800dd50   0x0000000c   Data   RO         2877    .constdata          simsun_12.o
    0x0800dd5c   0x0800dd5c   0x0000000c   Data   RO         2878    .constdata          simsun_12.o
    0x0800dd68   0x0800dd68   0x0000000c   Data   RO         2879    .constdata          simsun_12.o
    0x0800dd74   0x0800dd74   0x0000000c   Data   RO         2880    .constdata          simsun_12.o
    0x0800dd80   0x0800dd80   0x0000000c   Data   RO         2881    .constdata          simsun_12.o
    0x0800dd8c   0x0800dd8c   0x0000000c   Data   RO         2882    .constdata          simsun_12.o
    0x0800dd98   0x0800dd98   0x0000000c   Data   RO         2883    .constdata          simsun_12.o
    0x0800dda4   0x0800dda4   0x0000000c   Data   RO         2884    .constdata          simsun_12.o
    0x0800ddb0   0x0800ddb0   0x0000000c   Data   RO         2885    .constdata          simsun_12.o
    0x0800ddbc   0x0800ddbc   0x0000000c   Data   RO         2886    .constdata          simsun_12.o
    0x0800ddc8   0x0800ddc8   0x0000000c   Data   RO         2887    .constdata          simsun_12.o
    0x0800ddd4   0x0800ddd4   0x0000000c   Data   RO         2888    .constdata          simsun_12.o
    0x0800dde0   0x0800dde0   0x0000000c   Data   RO         2889    .constdata          simsun_12.o
    0x0800ddec   0x0800ddec   0x0000000c   Data   RO         2890    .constdata          simsun_12.o
    0x0800ddf8   0x0800ddf8   0x0000000c   Data   RO         2891    .constdata          simsun_12.o
    0x0800de04   0x0800de04   0x0000000c   Data   RO         2892    .constdata          simsun_12.o
    0x0800de10   0x0800de10   0x0000000c   Data   RO         2893    .constdata          simsun_12.o
    0x0800de1c   0x0800de1c   0x0000000c   Data   RO         2894    .constdata          simsun_12.o
    0x0800de28   0x0800de28   0x0000000c   Data   RO         2895    .constdata          simsun_12.o
    0x0800de34   0x0800de34   0x0000000c   Data   RO         2896    .constdata          simsun_12.o
    0x0800de40   0x0800de40   0x0000000c   Data   RO         2897    .constdata          simsun_12.o
    0x0800de4c   0x0800de4c   0x0000000c   Data   RO         2898    .constdata          simsun_12.o
    0x0800de58   0x0800de58   0x0000000c   Data   RO         2899    .constdata          simsun_12.o
    0x0800de64   0x0800de64   0x0000000c   Data   RO         2900    .constdata          simsun_12.o
    0x0800de70   0x0800de70   0x0000000c   Data   RO         2901    .constdata          simsun_12.o
    0x0800de7c   0x0800de7c   0x0000000c   Data   RO         2902    .constdata          simsun_12.o
    0x0800de88   0x0800de88   0x0000000c   Data   RO         2903    .constdata          simsun_12.o
    0x0800de94   0x0800de94   0x0000000c   Data   RO         2904    .constdata          simsun_12.o
    0x0800dea0   0x0800dea0   0x0000000c   Data   RO         2905    .constdata          simsun_12.o
    0x0800deac   0x0800deac   0x0000000c   Data   RO         2906    .constdata          simsun_12.o
    0x0800deb8   0x0800deb8   0x0000000c   Data   RO         2907    .constdata          simsun_12.o
    0x0800dec4   0x0800dec4   0x0000000c   Data   RO         2908    .constdata          simsun_12.o
    0x0800ded0   0x0800ded0   0x0000000c   Data   RO         2909    .constdata          simsun_12.o
    0x0800dedc   0x0800dedc   0x0000000c   Data   RO         2910    .constdata          simsun_12.o
    0x0800dee8   0x0800dee8   0x0000000c   Data   RO         2911    .constdata          simsun_12.o
    0x0800def4   0x0800def4   0x0000000c   Data   RO         2912    .constdata          simsun_12.o
    0x0800df00   0x0800df00   0x0000000c   Data   RO         2913    .constdata          simsun_12.o
    0x0800df0c   0x0800df0c   0x0000000c   Data   RO         2914    .constdata          simsun_12.o
    0x0800df18   0x0800df18   0x0000000c   Data   RO         2915    .constdata          simsun_12.o
    0x0800df24   0x0800df24   0x0000000c   Data   RO         2916    .constdata          simsun_12.o
    0x0800df30   0x0800df30   0x0000000c   Data   RO         2917    .constdata          simsun_12.o
    0x0800df3c   0x0800df3c   0x0000000c   Data   RO         2918    .constdata          simsun_12.o
    0x0800df48   0x0800df48   0x0000000c   Data   RO         2919    .constdata          simsun_12.o
    0x0800df54   0x0800df54   0x0000000c   Data   RO         2920    .constdata          simsun_12.o
    0x0800df60   0x0800df60   0x0000000c   Data   RO         2921    .constdata          simsun_12.o
    0x0800df6c   0x0800df6c   0x0000000c   Data   RO         2922    .constdata          simsun_12.o
    0x0800df78   0x0800df78   0x0000000c   Data   RO         2923    .constdata          simsun_12.o
    0x0800df84   0x0800df84   0x0000000c   Data   RO         2924    .constdata          simsun_12.o
    0x0800df90   0x0800df90   0x0000000c   Data   RO         2925    .constdata          simsun_12.o
    0x0800df9c   0x0800df9c   0x0000000c   Data   RO         2926    .constdata          simsun_12.o
    0x0800dfa8   0x0800dfa8   0x0000000c   Data   RO         2927    .constdata          simsun_12.o
    0x0800dfb4   0x0800dfb4   0x00000020   Data   RO         2928    .constdata          simsun_12.o
    0x0800dfd4   0x0800dfd4   0x0000000c   Data   RO         3138    .constdata          inv_mpu.o
    0x0800dfe0   0x0800dfe0   0x0000001b   Data   RO         3139    .constdata          inv_mpu.o
    0x0800dffb   0x0800dffb   0x00000001   PAD
    0x0800dffc   0x0800dffc   0x00000028   Data   RO         3140    .constdata          inv_mpu.o
    0x0800e024   0x0800e024   0x00000bf6   Data   RO         3424    .constdata          inv_mpu_dmp_motion_driver.o
    0x0800ec1a   0x0800ec1a   0x00000006   PAD
    0x0800ec20   0x0800ec20   0x00000050   Data   RO         5267    .constdata          m_ws.l(asin.o)
    0x0800ec70   0x0800ec70   0x00000098   Data   RO         5659    .constdata          m_ws.l(atan.o)
    0x0800ed08   0x0800ed08   0x00000030   Data   RO         5668    .constdata          m_ws.l(cos_i.o)
    0x0800ed38   0x0800ed38   0x00000008   Data   RO         5688    .constdata          m_ws.l(qnan.o)
    0x0800ed40   0x0800ed40   0x000000c8   Data   RO         5691    .constdata          m_ws.l(rred.o)
    0x0800ee08   0x0800ee08   0x00000028   Data   RO         5695    .constdata          m_ws.l(sin_i.o)
    0x0800ee30   0x0800ee30   0x00000040   Data   RO         5769    .constdata          mc_w.l(ctype_c.o)
    0x0800ee70   0x0800ee70   0x0000004d   Data   RO         3141    .conststring        inv_mpu.o
    0x0800eebd   0x0800eebd   0x00000003   PAD
    0x0800eec0   0x0800eec0   0x00000020   Data   RO         5771    Region$$Table       anon$$obj.o


    Execution Region RW_IRAM1 (Exec base: 0x20000000, Load base: 0x0800eee0, Size: 0x00003a28, Max: 0x00005000, ABSOLUTE, COMPRESSED[0x000000a0])

    Exec Addr    Load Addr    Size         Type   Attr      Idx    E Section Name        Object

    0x20000000   COMPRESSED   0x00000034   Data   RW           11    .data               main.o
    0x20000034   COMPRESSED   0x00000014   Data   RW          359    .data               system_stm32f10x.o
    0x20000048   COMPRESSED   0x0000009c   Data   RW          410    .data               menu.o
    0x200000e4   COMPRESSED   0x00000050   Data   RW          411    .data               menu.o
    0x20000134   COMPRESSED   0x00000014   Data   RW         1083    .data               stm32f10x_rcc.o
    0x20000148   COMPRESSED   0x00000004   Data   RW         1991    .data               timer.o
    0x2000014c   COMPRESSED   0x00000001   Data   RW         2114    .data               guislim.o
    0x2000014d   COMPRESSED   0x00000001   PAD
    0x2000014e   COMPRESSED   0x00000006   Data   RW         2959    .data               ssd1306.o
    0x20000154   COMPRESSED   0x0000002c   Data   RW         3142    .data               inv_mpu.o
    0x20000180   COMPRESSED   0x00000031   Data   RW         3577    .data               mpu6050.o
    0x200001b1   COMPRESSED   0x00000002   Data   RW         3713    .data               led.o
    0x200001b3   COMPRESSED   0x00000001   PAD
    0x200001b4   COMPRESSED   0x00000004   Data   RW         3782    .data               esp8266.o
    0x200001b8   COMPRESSED   0x00000004   Data   RW         3840    .data               delay.o
    0x200001bc   COMPRESSED   0x00000004   Data   RW         3927    .data               usart.o
    0x200001c0   COMPRESSED   0x00000004   Data   RW         3929    .data               usart.o
    0x200001c4   COMPRESSED   0x0000003c   Data   RW         4448    .data               tasks.o
    0x20000200   COMPRESSED   0x00000014   Data   RW         4768    .data               timers.o
    0x20000214   COMPRESSED   0x00000018   Data   RW         4876    .data               heap_4.o
    0x2000022c   COMPRESSED   0x0000000c   Data   RW         4927    .data               port.o
    0x20000238   COMPRESSED   0x00000008   Data   RW         5178    .data               onenetconnet.o
    0x20000240   COMPRESSED   0x00000001   Data   RW         5179    .data               onenetconnet.o
    0x20000241   COMPRESSED   0x00000003   PAD
    0x20000244   COMPRESSED   0x00000004   Data   RW         5732    .data               mc_w.l(mvars.o)
    0x20000248   COMPRESSED   0x00000004   Data   RW         5733    .data               mc_w.l(mvars.o)
    0x2000024c   COMPRESSED   0x00000004   Data   RW         5737    .data               mc_w.l(errno.o)
    0x20000250        -       0x00000078   Zero   RW           10    .bss                main.o
    0x200002c8        -       0x0000000c   Zero   RW          409    .bss                menu.o
    0x200002d4        -       0x00000020   Zero   RW         2113    .bss                guislim.o
    0x200002f4        -       0x00000400   Zero   RW         2958    .bss                ssd1306.o
    0x200006f4        -       0x00000010   Zero   RW         3423    .bss                inv_mpu_dmp_motion_driver.o
    0x20000704        -       0x00000258   Zero   RW         3925    .bss                usart.o
    0x2000095c        -       0x00000040   Zero   RW         4211    .bss                queue.o
    0x2000099c        -       0x000002e4   Zero   RW         4447    .bss                tasks.o
    0x20000c80        -       0x00000028   Zero   RW         4767    .bss                timers.o
    0x20000ca8        -       0x00002800   Zero   RW         4875    .bss                heap_4.o
    0x200034a8        -       0x00000080   Zero   RW         5177    .bss                onenetconnet.o
    0x20003528        -       0x00000200   Zero   RW          595    HEAP                startup_stm32f10x_md.o
    0x20003728        -       0x00000300   Zero   RW          594    STACK               startup_stm32f10x_md.o


==============================================================================

Image component sizes


      Code (inc. data)   RO Data    RW Data    ZI Data      Debug   Object Name

       262         16          0          0          0       1747   adc.o
        84          0          0          0          0        483   bsp.o
         0          0          0          0          0         32   core_cm3.o
       200         22          0          4          0       2375   delay.o
       538          6          0          0          0       8616   edpkit.o
       896        314          0          4          0       4758   esp8266.o
         0          0          0          0          0      10276   event_groups.o
      1744        122          0          1         32      32824   guislim.o
         0          0       1000          0          0      10227   hdulogo.o
       592        138          0         24      10240       3847   heap_4.o
      4608        348        156         44          0      25802   inv_mpu.o
      2346        120       3062          0         16      19542   inv_mpu_dmp_motion_driver.o
       228         10          0          0          0       1343   key.o
       566         34          0          2          0       5403   led.o
       136          0          0          0          0       2914   list.o
      3244        456          0         52        120     290215   main.o
      4364       1036          0        236         12      14548   menu.o
       144         16          0          0          0       1977   misc.o
      1692        802          0         49          0       4201   mpu6050.o
       956        304          0          9        128       8636   onenetconnet.o
       838        314          0         12          0       9893   port.o
      1834        238          0          0         64      12753   queue.o
         0          0       8008          0          0      35667   simsun_12.o
       846         28          0          6       1024       6044   ssd1306.o
       256         18          0          0          0       2086   ssd1306_i2c.o
        36          8        236          0       1280        780   startup_stm32f10x_md.o
       774         30          0          0          0       7084   stm32_i2c.o
       364         22          0          0          0       8470   stm32f10x_adc.o
       278          6          0          0          0       4315   stm32f10x_gpio.o
        12          0          0          0          0       2377   stm32f10x_it.o
       260         46          0         20          0       6071   stm32f10x_rcc.o
      1178        154          0          0          0      13388   stm32f10x_tim.o
       434         26          0          0          0       6126   stm32f10x_usart.o
       248         24          0         20          0       1665   system_stm32f10x.o
      3174        780          0         60        740      30988   tasks.o
       348         16          0          4          0       1978   timer.o
      1136        256          0         20         40       9362   timers.o
       888         54          0          0          0       2155   transfer.o
       898         96          0          8        600       8629   usart.o

    ----------------------------------------------------------------------
     36442       5860      12508        580      14296     619597   Object Totals
         0          0         32          0          0          0   (incl. Generated)
        40          0         14          5          0          0   (incl. Padding)

    ----------------------------------------------------------------------

      Code (inc. data)   RO Data    RW Data    ZI Data      Debug   Library Member Name

       624         52         80          0          0        168   asin.o
       544         70        152          0          0        124   atan.o
       384         38          0          0          0        144   atan2.o
       156          8          0          0          0        104   cos.o
       252         22         48          0          0        124   cos_i.o
        38          6          0          0          0        272   dunder.o
        40          0          0          0          0         68   fpclassify.o
       170          0          0          0          0         96   poly.o
         0          0          8          0          0          0   qnan.o
       904         76        200          0          0        140   rred.o
       160         10          0          0          0        108   sin.o
       236         12         40          0          0        128   sin_i.o
        76          0          0          0          0         84   sqrt.o
        56          8          0          0          0         84   __0sscanf.o
        86          0          0          0          0          0   __dczerorl2.o
        28          0          0          0          0         68   _chval.o
       812          4          0          0          0        112   _scanf.o
       332          0          0          0          0         96   _scanf_int.o
       342          0          0          0          0        100   _scanf_longlong.o
        64          0          0          0          0         84   _sgetc.o
        40          6         64          0          0         68   ctype_c.o
         0          0          0          0          0          0   entry.o
         0          0          0          0          0          0   entry10a.o
         0          0          0          0          0          0   entry11a.o
         8          4          0          0          0          0   entry2.o
         4          0          0          0          0          0   entry5.o
         0          0          0          0          0          0   entry7b.o
         0          0          0          0          0          0   entry8b.o
         8          4          0          0          0          0   entry9a.o
        12          6          0          4          0         68   errno.o
        30          0          0          0          0          0   handlers.o
        36          8          0          0          0         68   init.o
        10          0          0          0          0         68   isspace_c.o
         0          0          0          0          0          0   iusefp.o
        98          0          0          0          0         84   ldiv.o
        30          0          0          0          0         68   llshl.o
        36          0          0          0          0         68   llsshr.o
        32          0          0          0          0         68   llushr.o
       188         20          0          0          0        160   malloc.o
        26          0          0          0          0         80   memcmp.o
        36          0          0          0          0         68   memcpya.o
        36          0          0          0          0        108   memseta.o
         0          0          0          8          0          0   mvars.o
      2308         96          0          0          0        604   printfa.o
        40          8          0          0          0         84   scanf_char.o
       878         12          0          0          0        216   scanf_fp.o
        24          0          0          0          0         68   strcat.o
        14          0          0          0          0         68   strlen.o
        36          0          0          0          0         80   strstr.o
        44          0          0          0          0         80   uidiv.o
        98          0          0          0          0         92   uldiv.o
        48          0          0          0          0         68   cdrcmple.o
        56          0          0          0          0         88   d2f.o
       334          0          0          0          0        148   dadd.o
       222          0          0          0          0        100   ddiv.o
       186          0          0          0          0        176   depilogue.o
        62          0          0          0          0         80   dfixi.o
        50          0          0          0          0         76   dfixui.o
        48          0          0          0          0         68   dfixul.o
        34          0          0          0          0         76   dflti.o
        26          0          0          0          0         76   dfltui.o
        24          0          0          0          0         76   dfltul.o
       228          0          0          0          0         96   dmul.o
        46          0          0          0          0         80   dscalb.o
       162          0          0          0          0        100   dsqrt.o
        38          0          0          0          0         68   f2d.o
       176          0          0          0          0        140   fadd.o
       124          0          0          0          0         88   fdiv.o
       110          0          0          0          0        168   fepilogue.o
        50          0          0          0          0         68   ffixi.o
        40          0          0          0          0         68   ffixui.o
        18          0          0          0          0         68   fflti.o
        10          0          0          0          0         68   ffltui.o
       100          0          0          0          0         76   fmul.o
        24          0          0          0          0         68   fscalb.o

    ----------------------------------------------------------------------
     11610        470        592         12          0       6560   Library Totals
        18          0          0          0          0          0   (incl. Padding)

    ----------------------------------------------------------------------

      Code (inc. data)   RO Data    RW Data    ZI Data      Debug   Library Name

      3584        294        528          0          0       1560   m_ws.l
      5792        176         64         12          0       2812   mc_w.l
      2216          0          0          0          0       2188   mf_w.l

    ----------------------------------------------------------------------
     11610        470        592         12          0       6560   Library Totals

    ----------------------------------------------------------------------

==============================================================================


      Code (inc. data)   RO Data    RW Data    ZI Data      Debug   

     48052       6330      13100        592      14296     605485   Grand Totals
     48052       6330      13100        160      14296     605485   ELF Image Totals (compressed)
     48052       6330      13100        160          0          0   ROM Totals

==============================================================================

    Total RO  Size (Code + RO Data)                61152 (  59.72kB)
    Total RW  Size (RW Data + ZI Data)             14888 (  14.54kB)
    Total ROM Size (Code + RO Data + RW Data)      61312 (  59.88kB)

==============================================================================

